Component: ARM Compiler 5.06 update 6 (build 750) Tool: armlink [4d35ed]

==============================================================================

Section Cross References

    system_stm32f10x.o(i.SetSysClock) refers to system_stm32f10x.o(i.SetSysClockTo72) for SetSysClockTo72
    system_stm32f10x.o(i.SystemCoreClockUpdate) refers to system_stm32f10x.o(.data) for SystemCoreClock
    system_stm32f10x.o(i.SystemInit) refers to system_stm32f10x.o(i.SetSysClock) for SetSysClock
    main.o(i.TriangleWave_Init) refers to dac.o(i.Dac1_Init) for Dac1_Init
    main.o(i.TriangleWave_Init) refers to timer.o(i.TIM2_Int_Init) for TIM2_Int_Init
    main.o(i.initial) refers to delay.o(i.delay_init) for delay_init
    main.o(i.initial) refers to sys.o(i.NVIC_Configuration) for NVIC_Configuration
    main.o(i.initial) refers to usart.o(i.uart_init) for uart_init
    main.o(i.initial) refers to led.o(i.LED_Init) for LED_Init
    main.o(i.initial) refers to beep.o(i.BEEP_Init) for BEEP_Init
    main.o(i.initial) refers to key.o(i.KEY_Init) for KEY_Init
    main.o(i.main) refers to main.o(i.initial) for initial
    main.o(i.main) refers to delay.o(i.delay_ms) for delay_ms
    main.o(i.main) refers to stm32f10x_gpio.o(i.GPIO_ReadInputDataBit) for GPIO_ReadInputDataBit
    main.o(i.main) refers to main.o(i.sendSend0) for sendSend0
    main.o(i.main) refers to stm32f10x_dma.o(i.DMA_Cmd) for DMA_Cmd
    main.o(i.main) refers to main.o(i.TriangleWave_Init) for TriangleWave_Init
    main.o(i.main) refers to stm32_waveoutput.o(i.SineWave_Init) for SineWave_Init
    main.o(i.sendSend0) refers to strlen.o(.text) for strlen
    main.o(i.sendSend0) refers to stm32f10x_usart.o(i.USART_SendData) for USART_SendData
    main.o(i.sendSend0) refers to stm32f10x_usart.o(i.USART_GetFlagStatus) for USART_GetFlagStatus
    main.o(i.sendSend0) refers to main.o(.data) for send0
    main.o(i.sendSend1) refers to strlen.o(.text) for strlen
    main.o(i.sendSend1) refers to stm32f10x_usart.o(i.USART_SendData) for USART_SendData
    main.o(i.sendSend1) refers to stm32f10x_usart.o(i.USART_GetFlagStatus) for USART_GetFlagStatus
    main.o(i.sendSend1) refers to main.o(.data) for send1
    startup_stm32f10x_hd.o(STACK) refers (Special) to heapauxi.o(.text) for __use_two_region_memory
    startup_stm32f10x_hd.o(HEAP) refers (Special) to heapauxi.o(.text) for __use_two_region_memory
    startup_stm32f10x_hd.o(RESET) refers (Special) to heapauxi.o(.text) for __use_two_region_memory
    startup_stm32f10x_hd.o(RESET) refers to startup_stm32f10x_hd.o(STACK) for __initial_sp
    startup_stm32f10x_hd.o(RESET) refers to startup_stm32f10x_hd.o(.text) for Reset_Handler
    startup_stm32f10x_hd.o(RESET) refers to stm32f10x_it.o(i.NMI_Handler) for NMI_Handler
    startup_stm32f10x_hd.o(RESET) refers to stm32f10x_it.o(i.HardFault_Handler) for HardFault_Handler
    startup_stm32f10x_hd.o(RESET) refers to stm32f10x_it.o(i.MemManage_Handler) for MemManage_Handler
    startup_stm32f10x_hd.o(RESET) refers to stm32f10x_it.o(i.BusFault_Handler) for BusFault_Handler
    startup_stm32f10x_hd.o(RESET) refers to stm32f10x_it.o(i.UsageFault_Handler) for UsageFault_Handler
    startup_stm32f10x_hd.o(RESET) refers to stm32f10x_it.o(i.SVC_Handler) for SVC_Handler
    startup_stm32f10x_hd.o(RESET) refers to stm32f10x_it.o(i.DebugMon_Handler) for DebugMon_Handler
    startup_stm32f10x_hd.o(RESET) refers to stm32f10x_it.o(i.PendSV_Handler) for PendSV_Handler
    startup_stm32f10x_hd.o(RESET) refers to stm32f10x_it.o(i.SysTick_Handler) for SysTick_Handler
    startup_stm32f10x_hd.o(RESET) refers to usmart.o(i.TIM2_IRQHandler) for TIM2_IRQHandler
    startup_stm32f10x_hd.o(RESET) refers to timer.o(i.TIM3_IRQHandler) for TIM3_IRQHandler
    startup_stm32f10x_hd.o(RESET) refers to usart.o(i.USART1_IRQHandler) for USART1_IRQHandler
    startup_stm32f10x_hd.o(.text) refers (Special) to heapauxi.o(.text) for __use_two_region_memory
    startup_stm32f10x_hd.o(.text) refers to system_stm32f10x.o(i.SystemInit) for SystemInit
    startup_stm32f10x_hd.o(.text) refers to __main.o(!!!main) for __main
    startup_stm32f10x_hd.o(.text) refers to startup_stm32f10x_hd.o(HEAP) for Heap_Mem
    startup_stm32f10x_hd.o(.text) refers to startup_stm32f10x_hd.o(STACK) for Stack_Mem
    24cxx.o(i.AT24CXX_Check) refers to 24cxx.o(i.AT24CXX_ReadOneByte) for AT24CXX_ReadOneByte
    24cxx.o(i.AT24CXX_Check) refers to 24cxx.o(i.AT24CXX_WriteOneByte) for AT24CXX_WriteOneByte
    24cxx.o(i.AT24CXX_Init) refers to myiic.o(i.IIC_Init) for IIC_Init
    24cxx.o(i.AT24CXX_Read) refers to 24cxx.o(i.AT24CXX_ReadOneByte) for AT24CXX_ReadOneByte
    24cxx.o(i.AT24CXX_ReadLenByte) refers to 24cxx.o(i.AT24CXX_ReadOneByte) for AT24CXX_ReadOneByte
    24cxx.o(i.AT24CXX_ReadOneByte) refers to myiic.o(i.IIC_Start) for IIC_Start
    24cxx.o(i.AT24CXX_ReadOneByte) refers to myiic.o(i.IIC_Send_Byte) for IIC_Send_Byte
    24cxx.o(i.AT24CXX_ReadOneByte) refers to myiic.o(i.IIC_Wait_Ack) for IIC_Wait_Ack
[...]
    .ARM.Collect$$libinit$$00000017          0x08000208   Section        0  libinit2.o(.ARM.Collect$$libinit$$00000017)
    .ARM.Collect$$libinit$$00000019          0x08000208   Section        0  libinit2.o(.ARM.Collect$$libinit$$00000019)
    .ARM.Collect$$libinit$$0000001B          0x08000208   Section        0  libinit2.o(.ARM.Collect$$libinit$$0000001B)
    .ARM.Collect$$libinit$$0000001D          0x08000208   Section        0  libinit2.o(.ARM.Collect$$libinit$$0000001D)
    .ARM.Collect$$libinit$$0000001F          0x08000208   Section        0  libinit2.o(.ARM.Collect$$libinit$$0000001F)
    .ARM.Collect$$libinit$$00000021          0x08000208   Section        0  libinit2.o(.ARM.Collect$$libinit$$00000021)
    .ARM.Collect$$libinit$$00000023          0x08000208   Section        0  libinit2.o(.ARM.Collect$$libinit$$00000023)
    .ARM.Collect$$libinit$$00000025          0x08000208   Section        0  libinit2.o(.ARM.Collect$$libinit$$00000025)
    .ARM.Collect$$libinit$$0000002C          0x08000208   Section        0  libinit2.o(.ARM.Collect$$libinit$$0000002C)
    .ARM.Collect$$libinit$$0000002E          0x08000208   Section        0  libinit2.o(.ARM.Collect$$libinit$$0000002E)
    .ARM.Collect$$libinit$$00000030          0x08000208   Section        0  libinit2.o(.ARM.Collect$$libinit$$00000030)
    .ARM.Collect$$libinit$$00000032          0x08000208   Section        0  libinit2.o(.ARM.Collect$$libinit$$00000032)
    .ARM.Collect$$libinit$$00000033          0x08000208   Section        2  libinit2.o(.ARM.Collect$$libinit$$00000033)
    .ARM.Collect$$libshutdown$$00000000      0x0800020a   Section        2  libshutdown.o(.ARM.Collect$$libshutdown$$00000000)
    .ARM.Collect$$libshutdown$$00000002      0x0800020c   Section        0  libshutdown2.o(.ARM.Collect$$libshutdown$$00000002)
    .ARM.Collect$$libshutdown$$00000004      0x0800020c   Section        0  libshutdown2.o(.ARM.Collect$$libshutdown$$00000004)
    .ARM.Collect$$libshutdown$$00000007      0x0800020c   Section        0  libshutdown2.o(.ARM.Collect$$libshutdown$$00000007)
    .ARM.Collect$$libshutdown$$0000000A      0x0800020c   Section        0  libshutdown2.o(.ARM.Collect$$libshutdown$$0000000A)
    .ARM.Collect$$libshutdown$$0000000C      0x0800020c   Section        0  libshutdown2.o(.ARM.Collect$$libshutdown$$0000000C)
    .ARM.Collect$$libshutdown$$0000000F      0x0800020c   Section        0  libshutdown2.o(.ARM.Collect$$libshutdown$$0000000F)
    .ARM.Collect$$libshutdown$$00000010      0x0800020c   Section        2  libshutdown2.o(.ARM.Collect$$libshutdown$$00000010)
    .ARM.Collect$$rtentry$$00000000          0x0800020e   Section        0  __rtentry.o(.ARM.Collect$$rtentry$$00000000)
    .ARM.Collect$$rtentry$$00000002          0x0800020e   Section        0  __rtentry2.o(.ARM.Collect$$rtentry$$00000002)
    .ARM.Collect$$rtentry$$00000004          0x0800020e   Section        6  __rtentry4.o(.ARM.Collect$$rtentry$$00000004)
    .ARM.Collect$$rtentry$$00000009          0x08000214   Section        0  __rtentry2.o(.ARM.Collect$$rtentry$$00000009)
    .ARM.Collect$$rtentry$$0000000A          0x08000214   Section        4  __rtentry2.o(.ARM.Collect$$rtentry$$0000000A)
    .ARM.Collect$$rtentry$$0000000C          0x08000218   Section        0  __rtentry2.o(.ARM.Collect$$rtentry$$0000000C)
    .ARM.Collect$$rtentry$$0000000D          0x08000218   Section        8  __rtentry2.o(.ARM.Collect$$rtentry$$0000000D)
    .ARM.Collect$$rtexit$$00000000           0x08000220   Section        2  rtexit.o(.ARM.Collect$$rtexit$$00000000)
    .ARM.Collect$$rtexit$$00000002           0x08000222   Section        0  rtexit2.o(.ARM.Collect$$rtexit$$00000002)
    .ARM.Collect$$rtexit$$00000003           0x08000222   Section        4  rtexit2.o(.ARM.Collect$$rtexit$$00000003)
    .ARM.Collect$$rtexit$$00000004           0x08000226   Section        6  rtexit2.o(.ARM.Collect$$rtexit$$00000004)
    .text                                    0x0800022c   Section       64  startup_stm32f10x_hd.o(.text)
    .text                                    0x0800026c   Section        2  use_no_semi_2.o(.text)
    .text                                    0x08000270   Section        0  noretval__2printf.o(.text)
    .text                                    0x08000288   Section        0  _printf_pad.o(.text)
    .text                                    0x080002d6   Section        0  _printf_str.o(.text)
    .text                                    0x08000328   Section        0  _printf_dec.o(.text)
    .text                                    0x080003a0   Section        0  _printf_hex_int.o(.text)
    .text                                    0x080003f8   Section        0  __printf_flags_ss_wp.o(.text)
    .text                                    0x08000580   Section        0  strlen.o(.text)
    .text                                    0x080005be   Section        0  heapauxi.o(.text)
    .text                                    0x080005c4   Section        2  use_no_semi.o(.text)
    .text                                    0x080005c6   Section        0  _rserrno.o(.text)
    .text                                    0x080005dc   Section        0  _printf_intcommon.o(.text)
    .text                                    0x0800068e   Section        0  _printf_char.o(.text)
    .text                                    0x080006bc   Section        0  _printf_char_file.o(.text)
    .text                                    0x080006e0   Section        8  rt_errno_addr_intlibspace.o(.text)
    .text                                    0x080006e8   Section        0  _printf_char_common.o(.text)
    _printf_input_char                       0x080006e9   Thumb Code    10  _printf_char_common.o(.text)
    .text                                    0x08000718   Section        0  ferror.o(.text)
    .text                                    0x08000720   Section        8  libspace.o(.text)
    .text                                    0x08000728   Section       74  sys_stackheap_outer.o(.text)
    .text                                    0x08000772   Section        0  exit.o(.text)
    i.AT24CXX_ReadOneByte                    0x08000784   Section        0  24cxx.o(i.AT24CXX_ReadOneByte)
    i.AT24CXX_WriteOneByte                   0x080007dc   Section        0  24cxx.o(i.AT24CXX_WriteOneByte)
    i.BEEP_Init                              0x0800082c   Section        0  beep.o(i.BEEP_Init)
    i.BusFault_Handler                       0x08000864   Section        0  stm32f10x_it.o(i.BusFault_Handler)
    i.DAC_Cmd                                0x08000868   Section        0  stm32f10x_dac.o(i.DAC_Cmd)
    i.DAC_DMACmd                             0x08000890   Section        0  stm32f10x_dac.o(i.DAC_DMACmd)
    i.DAC_Init                               0x080008bc   Section        0  stm32f10x_dac.o(i.DAC_Init)
    i.DAC_SetChannel1Data                    0x080008f0   Section        0  stm32f10x_dac.o(i.DAC_SetChannel1Data)
    i.DAC_StructInit                         0x08000910   Section        0  stm32f10x_dac.o(i.DAC_StructInit)
    i.DMA_Cmd                                0x0800091c   Section        0  stm32f10x_dma.o(i.DMA_Cmd)
    i.DMA_Init                               0x08000934   Section        0  stm32f10x_dma.o(i.DMA_Init)
    i.DMA_StructInit                         0x08000970   Section        0  stm32f10x_dma.o(i.DMA_StructInit)
    i.Dac1_Init                              0x0800098c   Section        0  dac.o(i.Dac1_Init)
    i.DebugMon_Handler                       0x080009f4   Section        0  stm32f10x_it.o(i.DebugMon_Handler)
    i.GPIO_Init                              0x080009f6   Section        0  stm32f10x_gpio.o(i.GPIO_Init)
    i.GPIO_ReadInputDataBit                  0x08000b0c   Section        0  stm32f10x_gpio.o(i.GPIO_ReadInputDataBit)
    i.GPIO_ResetBits                         0x08000b1e   Section        0  stm32f10x_gpio.o(i.GPIO_ResetBits)
    i.GPIO_SetBits                           0x08000b22   Section        0  stm32f10x_gpio.o(i.GPIO_SetBits)
    i.HardFault_Handler                      0x08000b26   Section        0  stm32f10x_it.o(i.HardFault_Handler)
    i.IIC_Ack                                0x08000b2c   Section        0  myiic.o(i.IIC_Ack)
    i.IIC_NAck                               0x08000b7c   Section        0  myiic.o(i.IIC_NAck)
    i.IIC_Read_Byte                          0x08000bcc   Section        0  myiic.o(i.IIC_Read_Byte)
    i.IIC_Send_Byte                          0x08000c3c   Section        0  myiic.o(i.IIC_Send_Byte)
    i.IIC_Start                              0x08000cb0   Section        0  myiic.o(i.IIC_Start)
    i.IIC_Stop                               0x08000cfc   Section        0  myiic.o(i.IIC_Stop)
    i.IIC_Wait_Ack                           0x08000d48   Section        0  myiic.o(i.IIC_Wait_Ack)
    i.KEY_Init                               0x08000dac   Section        0  key.o(i.KEY_Init)
    i.LED_Init                               0x08000de8   Section        0  led.o(i.LED_Init)
    i.MemManage_Handler                      0x08000e34   Section        0  stm32f10x_it.o(i.MemManage_Handler)
    i.NMI_Handler                            0x08000e38   Section        0  stm32f10x_it.o(i.NMI_Handler)
    i.NVIC_Configuration                     0x08000e3a   Section        0  sys.o(i.NVIC_Configuration)
    i.NVIC_Init                              0x08000e48   Section        0  misc.o(i.NVIC_Init)
    i.NVIC_PriorityGroupConfig               0x08000eb8   Section        0  misc.o(i.NVIC_PriorityGroupConfig)
    i.PendSV_Handler                         0x08000ecc   Section        0  stm32f10x_it.o(i.PendSV_Handler)
    i.RCC_AHBPeriphClockCmd                  0x08000ed0   Section        0  stm32f10x_rcc.o(i.RCC_AHBPeriphClockCmd)
    i.RCC_APB1PeriphClockCmd                 0x08000ef0   Section        0  stm32f10x_rcc.o(i.RCC_APB1PeriphClockCmd)
    i.RCC_APB1PeriphResetCmd                 0x08000f10   Section        0  stm32f10x_rcc.o(i.RCC_APB1PeriphResetCmd)
    i.RCC_APB2PeriphClockCmd                 0x08000f30   Section        0  stm32f10x_rcc.o(i.RCC_APB2PeriphClockCmd)
    i.RCC_APB2PeriphResetCmd                 0x08000f50   Section        0  stm32f10x_rcc.o(i.RCC_APB2PeriphResetCmd)
    i.RCC_GetClocksFreq                      0x08000f70   Section        0  stm32f10x_rcc.o(i.RCC_GetClocksFreq)
    i.SVC_Handler                            0x08001044   Section        0  stm32f10x_it.o(i.SVC_Handler)
    i.SawTooth_Data                          0x08001048   Section        0  stm32_waveoutput.o(i.SawTooth_Data)
    i.SetSysClock                            0x080010a0   Section        0  system_stm32f10x.o(i.SetSysClock)
    SetSysClock                              0x080010a1   Thumb Code     8  system_stm32f10x.o(i.SetSysClock)
    i.SetSysClockTo72                        0x080010a8   Section        0  system_stm32f10x.o(i.SetSysClockTo72)
    SetSysClockTo72                          0x080010a9   Thumb Code   214  system_stm32f10x.o(i.SetSysClockTo72)
    i.SineWave_DAC_Config                    0x08001188   Section        0  stm32_waveoutput.o(i.SineWave_DAC_Config)
    i.SineWave_DMA_Config                    0x080011e4   Section        0  stm32_waveoutput.o(i.SineWave_DMA_Config)
    i.SineWave_Data                          0x08001268   Section        0  stm32_waveoutput.o(i.SineWave_Data)
    i.SineWave_GPIO_Config                   0x08001328   Section        0  stm32_waveoutput.o(i.SineWave_GPIO_Config)
    i.SineWave_Init                          0x08001370   Section        0  stm32_waveoutput.o(i.SineWave_Init)
    i.SineWave_TIM_Config                    0x08001414   Section        0  stm32_waveoutput.o(i.SineWave_TIM_Config)
    i.SysTick_CLKSourceConfig                0x08001480   Section        0  misc.o(i.SysTick_CLKSourceConfig)
    i.SysTick_Handler                        0x080014a8   Section        0  stm32f10x_it.o(i.SysTick_Handler)
    i.SystemInit                             0x080014ac   Section        0  system_stm32f10x.o(i.SystemInit)
    i.TIM2_IRQHandler                        0x0800150c   Section        0  usmart.o(i.TIM2_IRQHandler)
    i.TIM2_Int_Init                          0x08001544   Section        0  timer.o(i.TIM2_Int_Init)
    i.TIM3_IRQHandler                        0x08001584   Section        0  timer.o(i.TIM3_IRQHandler)
    i.TIM_ClearITPendingBit                  0x080015b4   Section        0  stm32f10x_tim.o(i.TIM_ClearITPendingBit)
    i.TIM_Cmd                                0x080015ba   Section        0  stm32f10x_tim.o(i.TIM_Cmd)
    i.TIM_GetITStatus                        0x080015d2   Section        0  stm32f10x_tim.o(i.TIM_GetITStatus)
    i.TIM_ITConfig                           0x080015f4   Section        0  stm32f10x_tim.o(i.TIM_ITConfig)
    i.TIM_SelectOutputTrigger                0x08001606   Section        0  stm32f10x_tim.o(i.TIM_SelectOutputTrigger)
    i.TIM_TimeBaseInit                       0x08001618   Section        0  stm32f10x_tim.o(i.TIM_TimeBaseInit)
    i.TIM_TimeBaseStructInit                 0x080016bc   Section        0  stm32f10x_tim.o(i.TIM_TimeBaseStructInit)
    i.Timer2_Init                            0x080016ce   Section        0  usmart.o(i.Timer2_Init)
    i.TriangleWave_Init                      0x08001728   Section        0  main.o(i.TriangleWave_Init)
    i.USART1_IRQHandler                      0x08001734   Section        0  usart.o(i.USART1_IRQHandler)
    i.USART_Cmd                              0x080017bc   Section        0  stm32f10x_usart.o(i.USART_Cmd)
    i.USART_DeInit                           0x080017d4   Section        0  stm32f10x_usart.o(i.USART_DeInit)
    i.USART_GetFlagStatus                    0x08001870   Section        0  stm32f10x_usart.o(i.USART_GetFlagStatus)
    i.USART_GetITStatus                      0x0800188a   Section        0  stm32f10x_usart.o(i.USART_GetITStatus)
    i.USART_ITConfig                         0x080018de   Section        0  stm32f10x_usart.o(i.USART_ITConfig)
    i.USART_Init                             0x08001928   Section        0  stm32f10x_usart.o(i.USART_Init)
    i.USART_ReceiveData                      0x08001a00   Section        0  stm32f10x_usart.o(i.USART_ReceiveData)
    i.USART_SendData                         0x08001a0a   Section        0  stm32f10x_usart.o(i.USART_SendData)
    i.UsageFault_Handler                     0x08001a12   Section        0  stm32f10x_it.o(i.UsageFault_Handler)
    i.__ARM_fpclassify                       0x08001a16   Section        0  fpclassify.o(i.__ARM_fpclassify)
    i.__ieee754_rem_pio2                     0x08001a40   Section        0  rred.o(i.__ieee754_rem_pio2)
    i.__kernel_cos                           0x08001dc8   Section        0  cos_i.o(i.__kernel_cos)
    i.__kernel_poly                          0x08001ec4   Section        0  poly.o(i.__kernel_poly)
    i.__kernel_sin                           0x08001f70   Section        0  sin_i.o(i.__kernel_sin)
    i.__mathlib_dbl_infnan                   0x0800205c   Section        0  dunder.o(i.__mathlib_dbl_infnan)
    i.__mathlib_dbl_invalid                  0x08002062   Section        0  dunder.o(i.__mathlib_dbl_invalid)
    i.__mathlib_dbl_underflow                0x08002070   Section        0  dunder.o(i.__mathlib_dbl_underflow)
    i._is_digit                              0x08002080   Section        0  __printf_wp.o(i._is_digit)
    i._sys_exit                              0x0800208e   Section        0  usart.o(i._sys_exit)
    i.delay_init                             0x08002094   Section        0  delay.o(i.delay_init)
    i.delay_ms                               0x080020d8   Section        0  delay.o(i.delay_ms)
    i.delay_us                               0x08002124   Section        0  delay.o(i.delay_us)
    i.fputc                                  0x08002170   Section        0  usart.o(i.fputc)
    i.initial                                0x0800218c   Section        0  main.o(i.initial)
    i.main                                   0x080021ac   Section        0  main.o(i.main)
    i.read_addr                              0x08002264   Section        0  usmart.o(i.read_addr)
    i.sendSend0                              0x0800226c   Section        0  main.o(i.sendSend0)
    i.sin                                    0x080022bc   Section        0  sin.o(i.sin)
    i.uart_init                              0x0800235c   Section        0  usart.o(i.uart_init)
    i.usmart_cmd_rec                         0x08002404   Section        0  usmart.o(i.usmart_cmd_rec)
    i.usmart_exe                             0x080024b4   Section        0  usmart.o(i.usmart_exe)
    i.usmart_get_aparm                       0x08002788   Section        0  usmart_str.o(i.usmart_get_aparm)
    i.usmart_get_cmdname                     0x08002850   Section        0  usmart_str.o(i.usmart_get_cmdname)
    i.usmart_get_fname                       0x08002888   Section        0  usmart_str.o(i.usmart_get_fname)
    i.usmart_get_fparam                      0x08002a48   Section        0  usmart_str.o(i.usmart_get_fparam)
    i.usmart_get_parmpos                     0x08002b54   Section        0  usmart_str.o(i.usmart_get_parmpos)
    i.usmart_get_runtime                     0x08002b74   Section        0  usmart.o(i.usmart_get_runtime)
    i.usmart_init                            0x08002bb4   Section        0  usmart.o(i.usmart_init)
    i.usmart_pow                             0x08002bdc   Section        0  usmart_str.o(i.usmart_pow)
    i.usmart_reset_runtime                   0x08002bf4   Section        0  usmart.o(i.usmart_reset_runtime)
    i.usmart_scan                            0x08002c1c   Section        0  usmart.o(i.usmart_scan)
    i.usmart_search_nextc                    0x08002cd8   Section        0  usmart_str.o(i.usmart_search_nextc)
    i.usmart_str2num                         0x08002cee   Section        0  usmart_str.o(i.usmart_str2num)
    i.usmart_strcmp                          0x08002db8   Section        0  usmart_str.o(i.usmart_strcmp)
    i.usmart_strcopy                         0x08002dda   Section        0  usmart_str.o(i.usmart_strcopy)
    i.usmart_strlen                          0x08002df0   Section        0  usmart_str.o(i.usmart_strlen)
    i.usmart_sys_cmd_exe                     0x08002e08   Section        0  usmart.o(i.usmart_sys_cmd_exe)
    i.write_addr                             0x080034ec   Section        0  usmart.o(i.write_addr)
    x$fpl$dadd                               0x080034f0   Section      336  daddsub_clz.o(x$fpl$dadd)
    _dadd1                                   0x08003501   Thumb Code     0  daddsub_clz.o(x$fpl$dadd)
    x$fpl$dcheck1                            0x08003640   Section       16  dcheck1.o(x$fpl$dcheck1)
    x$fpl$ddiv                               0x08003650   Section      688  ddiv.o(x$fpl$ddiv)
    ddiv_entry                               0x08003657   Thumb Code     0  ddiv.o(x$fpl$ddiv)
    x$fpl$dfix                               0x08003900   Section       94  dfix.o(x$fpl$dfix)
    x$fpl$dfixu                              0x08003960   Section       90  dfixu.o(x$fpl$dfixu)
    x$fpl$dflt                               0x080039ba   Section       46  dflt_clz.o(x$fpl$dflt)
    x$fpl$dfltu                              0x080039e8   Section       38  dflt_clz.o(x$fpl$dfltu)
    x$fpl$dmul                               0x08003a10   Section      340  dmul.o(x$fpl$dmul)
    x$fpl$dnaninf                            0x08003b64   Section      156  dnaninf.o(x$fpl$dnaninf)
    x$fpl$dretinf                            0x08003c00   Section       12  dretinf.o(x$fpl$dretinf)
    x$fpl$drsb                               0x08003c0c   Section       22  daddsub_clz.o(x$fpl$drsb)
    x$fpl$dsub                               0x08003c24   Section      468  daddsub_clz.o(x$fpl$dsub)
    _dsub1                                   0x08003c35   Thumb Code     0  daddsub_clz.o(x$fpl$dsub)
    x$fpl$retnan                             0x08003df8   Section      100  retnan.o(x$fpl$retnan)
    x$fpl$scalbn                             0x08003e5c   Section       92  scalbn.o(x$fpl$scalbn)
    x$fpl$trapveneer                         0x08003eb8   Section       48  trapv.o(x$fpl$trapveneer)
    .constdata                               0x08003ee8   Section       40  _printf_hex_int.o(.constdata)
    x$fpl$usenofp                            0x08003ee8   Section        0  usenofp.o(x$fpl$usenofp)
    uc_hextab                                0x08003ee8   Data          20  _printf_hex_int.o(.constdata)
    lc_hextab                                0x08003efc   Data          20  _printf_hex_int.o(.constdata)
    .constdata                               0x08003f10   Section       17  __printf_flags_ss_wp.o(.constdata)
    maptable                                 0x08003f10   Data          17  __printf_flags_ss_wp.o(.constdata)
    .constdata                               0x08003f28   Section       48  cos_i.o(.constdata)
    C                                        0x08003f28   Data          48  cos_i.o(.constdata)
    .constdata                               0x08003f58   Section      200  rred.o(.constdata)
    pio2s                                    0x08003f58   Data          48  rred.o(.constdata)
    twooverpi                                0x08003f88   Data         152  rred.o(.constdata)
    .constdata                               0x08004020   Section       40  sin_i.o(.constdata)
    S                                        0x08004020   Data          40  sin_i.o(.constdata)
    .conststring                             0x08004048   Section       40  usmart.o(.conststring)
    .conststring                             0x08004070   Section      203  usmart_config.o(.conststring)
    .data                                    0x20000000   Section       20  system_stm32f10x.o(.data)
    .data                                    0x20000014   Section      512  main.o(.data)
    .data                                    0x20000214   Section        4  delay.o(.data)
    fac_us                                   0x20000214   Data           1  delay.o(.data)
    fac_ms                                   0x20000216   Data           2  delay.o(.data)
    .data                                    0x20000218   Section        6  usart.o(.data)
    .data                                    0x20000220   Section       28  usmart.o(.data)
    .data                                    0x2000023c   Section      292  usmart_config.o(.data)
    .data                                    0x20000360   Section       20  stm32f10x_rcc.o(.data)
    APBAHBPrescTable                         0x20000360   Data          16  stm32f10x_rcc.o(.data)
    ADCPrescTable                            0x20000370   Data           4  stm32f10x_rcc.o(.data)
    .bss                                     0x20000374   Section     1024  stm32_waveoutput.o(.bss)
    .bss                                     0x20000774   Section      200  usart.o(.bss)
    .bss                                     0x2000083c   Section       96  libspace.o(.bss)
    HEAP                                     0x200008a0   Section      512  startup_stm32f10x_hd.o(HEAP)
    Heap_Mem                                 0x200008a0   Data         512  startup_stm32f10x_hd.o(HEAP)
    STACK                                    0x20000aa0   Section     1024  startup_stm32f10x_hd.o(STACK)
    Stack_Mem                                0x20000aa0   Data        1024  startup_stm32f10x_hd.o(STACK)
    __initial_sp                             0x20000ea0   Data           0  startup_stm32f10x_hd.o(STACK)

    Global Symbols

    Symbol Name                              Value     Ov Type        Size  Object(Section)

    BuildAttributes$$THM_ISAv4$P$D$K$B$S$PE$A:L22UL41UL21$X:L11$S22US41US21$IEEE1$IW$USESV6$~STKCKD$USESV7$~SHL$OTIME$ROPI$IEEEX$EBA8$UX$STANDARDLIB$REQ8$PRES8$EABIv2 0x00000000   Number         0  anon$$obj.o ABSOLUTE
    __ARM_use_no_argv                        0x00000000   Number         0  main.o ABSOLUTE
    _printf_flags                            0x00000000   Number         0  printf_stubs.o ABSOLUTE
    _printf_return_value                     0x00000000   Number         0  printf_stubs.o ABSOLUTE
    _printf_sizespec                         0x00000000   Number         0  printf_stubs.o ABSOLUTE
    _printf_widthprec                        0x00000000   Number         0  printf_stubs.o ABSOLUTE
    __ARM_exceptions_init                     - Undefined Weak Reference
    __alloca_initialize                       - Undefined Weak Reference
    __arm_preinit_                            - Undefined Weak Reference
    __cpp_initialize__aeabi_                  - Undefined Weak Reference
    __cxa_finalize                            - Undefined Weak Reference
    __rt_locale                               - Undefined Weak Reference
    __sigvec_lookup                           - Undefined Weak Reference
    _atexit_init                              - Undefined Weak Reference
    _call_atexit_fns                          - Undefined Weak Reference
    _clock_init                               - Undefined Weak Reference
    _fp_trap_init                             - Undefined Weak Reference
    _fp_trap_shutdown                         - Undefined Weak Reference
    _get_lc_collate                           - Undefined Weak Reference
    _get_lc_ctype                             - Undefined Weak Reference
    _get_lc_monetary                          - Undefined Weak Reference
    _get_lc_numeric                           - Undefined Weak Reference
    _get_lc_time                              - Undefined Weak Reference
    _getenv_init                              - Undefined Weak Reference
    _handle_redirection                       - Undefined Weak Reference
    _init_alloc                               - Undefined Weak Reference
    _init_user_alloc                          - Undefined Weak Reference
    _initio                                   - Undefined Weak Reference
    _mutex_acquire                            - Undefined Weak Reference
    _mutex_release                            - Undefined Weak Reference
    _printf_mbtowc                            - Undefined Weak Reference
    _printf_truncate_signed                   - Undefined Weak Reference
    _printf_truncate_unsigned                 - Undefined Weak Reference
    _rand_init                                - Undefined Weak Reference
    _signal_finish                            - Undefined Weak Reference
    _signal_init                              - Undefined Weak Reference
    _terminate_alloc                          - Undefined Weak Reference
    _terminate_user_alloc                     - Undefined Weak Reference
    _terminateio                              - Undefined Weak Reference
    __Vectors_Size                           0x00000130   Number         0  startup_stm32f10x_hd.o ABSOLUTE
    __Vectors                                0x08000000   Data           4  startup_stm32f10x_hd.o(RESET)
    __Vectors_End                            0x08000130   Data           0  startup_stm32f10x_hd.o(RESET)
    __main                                   0x08000131   Thumb Code     8  __main.o(!!!main)
    __scatterload                            0x08000139   Thumb Code     0  __scatter.o(!!!scatter)
    __scatterload_rt2                        0x08000139   Thumb Code    44  __scatter.o(!!!scatter)
    __scatterload_rt2_thumb_only             0x08000139   Thumb Code     0  __scatter.o(!!!scatter)
    __scatterload_null                       0x08000147   Thumb Code     0  __scatter.o(!!!scatter)
    __decompress                             0x0800016d   Thumb Code    90  __dczerorl2.o(!!dczerorl2)
    __decompress1                            0x0800016d   Thumb Code     0  __dczerorl2.o(!!dczerorl2)
    __scatterload_zeroinit                   0x080001c9   Thumb Code    28  __scatter_zi.o(!!handler_zi)
    _printf_d                                0x080001e5   Thumb Code     0  _printf_d.o(.ARM.Collect$$_printf_percent$$00000009)
    _printf_percent                          0x080001e5   Thumb Code     0  _printf_percent.o(.ARM.Collect$$_printf_percent$$00000000)
    _printf_u                                0x080001eb   Thumb Code     0  _printf_u.o(.ARM.Collect$$_printf_percent$$0000000A)
    _printf_x                                0x080001f1   Thumb Code     0  _printf_x.o(.ARM.Collect$$_printf_percent$$0000000C)
    _printf_c                                0x080001f7   Thumb Code     0  _printf_c.o(.ARM.Collect$$_printf_percent$$00000013)
    _printf_s                                0x080001fd   Thumb Code     0  _printf_s.o(.ARM.Collect$$_printf_percent$$00000014)
    _printf_percent_end                      0x08000203   Thumb Code     0  _printf_percent_end.o(.ARM.Collect$$_printf_percent$$00000017)
    __rt_lib_init                            0x08000207   Thumb Code     0  libinit.o(.ARM.Collect$$libinit$$00000000)
    __rt_lib_init_alloca_1                   0x08000209   Thumb Code     0  libinit2.o(.ARM.Collect$$libinit$$0000002E)
    __rt_lib_init_argv_1                     0x08000209   Thumb Code     0  libinit2.o(.ARM.Collect$$libinit$$0000002C)
    __rt_lib_init_atexit_1                   0x08000209   Thumb Code     0  libinit2.o(.ARM.Collect$$libinit$$0000001B)
    __rt_lib_init_clock_1                    0x08000209   Thumb Code     0  libinit2.o(.ARM.Collect$$libinit$$00000021)
    __rt_lib_init_cpp_1                      0x08000209   Thumb Code     0  libinit2.o(.ARM.Collect$$libinit$$00000032)
    __rt_lib_init_exceptions_1               0x08000209   Thumb Code     0  libinit2.o(.ARM.Collect$$libinit$$00000030)
    __rt_lib_init_fp_1                       0x08000209   Thumb Code     0  libinit2.o(.ARM.Collect$$libinit$$00000002)
    __rt_lib_init_fp_trap_1                  0x08000209   Thumb Code     0  libinit2.o(.ARM.Collect$$libinit$$0000001F)
    __rt_lib_init_getenv_1                   0x08000209   Thumb Code     0  libinit2.o(.ARM.Collect$$libinit$$00000023)
    __rt_lib_init_heap_1                     0x08000209   Thumb Code     0  libinit2.o(.ARM.Collect$$libinit$$0000000A)
    __rt_lib_init_lc_collate_1               0x08000209   Thumb Code     0  libinit2.o(.ARM.Collect$$libinit$$00000011)
    __rt_lib_init_lc_ctype_1                 0x08000209   Thumb Code     0  libinit2.o(.ARM.Collect$$libinit$$00000013)
    __rt_lib_init_lc_monetary_1              0x08000209   Thumb Code     0  libinit2.o(.ARM.Collect$$libinit$$00000015)
    __rt_lib_init_lc_numeric_1               0x08000209   Thumb Code     0  libinit2.o(.ARM.Collect$$libinit$$00000017)
    __rt_lib_init_lc_time_1                  0x08000209   Thumb Code     0  libinit2.o(.ARM.Collect$$libinit$$00000019)
    __rt_lib_init_preinit_1                  0x08000209   Thumb Code     0  libinit2.o(.ARM.Collect$$libinit$$00000004)
    __rt_lib_init_rand_1                     0x08000209   Thumb Code     0  libinit2.o(.ARM.Collect$$libinit$$0000000E)
    __rt_lib_init_return                     0x08000209   Thumb Code     0  libinit2.o(.ARM.Collect$$libinit$$00000033)
    __rt_lib_init_signal_1                   0x08000209   Thumb Code     0  libinit2.o(.ARM.Collect$$libinit$$0000001D)
    __rt_lib_init_stdio_1                    0x08000209   Thumb Code     0  libinit2.o(.ARM.Collect$$libinit$$00000025)
    __rt_lib_init_user_alloc_1               0x08000209   Thumb Code     0  libinit2.o(.ARM.Collect$$libinit$$0000000C)
    __rt_lib_shutdown                        0x0800020b   Thumb Code     0  libshutdown.o(.ARM.Collect$$libshutdown$$00000000)
    __rt_lib_shutdown_cpp_1                  0x0800020d   Thumb Code     0  libshutdown2.o(.ARM.Collect$$libshutdown$$00000002)
    __rt_lib_shutdown_fp_trap_1              0x0800020d   Thumb Code     0  libshutdown2.o(.ARM.Collect$$libshutdown$$00000007)
    __rt_lib_shutdown_heap_1                 0x0800020d   Thumb Code     0  libshutdown2.o(.ARM.Collect$$libshutdown$$0000000F)
    __rt_lib_shutdown_return                 0x0800020d   Thumb Code     0  libshutdown2.o(.ARM.Collect$$libshutdown$$00000010)
    __rt_lib_shutdown_signal_1               0x0800020d   Thumb Code     0  libshutdown2.o(.ARM.Collect$$libshutdown$$0000000A)
    __rt_lib_shutdown_stdio_1                0x0800020d   Thumb Code     0  libshutdown2.o(.ARM.Collect$$libshutdown$$00000004)
    __rt_lib_shutdown_user_alloc_1           0x0800020d   Thumb Code     0  libshutdown2.o(.ARM.Collect$$libshutdown$$0000000C)
    __rt_entry                               0x0800020f   Thumb Code     0  __rtentry.o(.ARM.Collect$$rtentry$$00000000)
    __rt_entry_presh_1                       0x0800020f   Thumb Code     0  __rtentry2.o(.ARM.Collect$$rtentry$$00000002)
    __rt_entry_sh                            0x0800020f   Thumb Code     0  __rtentry4.o(.ARM.Collect$$rtentry$$00000004)
    __rt_entry_li                            0x08000215   Thumb Code     0  __rtentry2.o(.ARM.Collect$$rtentry$$0000000A)
    __rt_entry_postsh_1                      0x08000215   Thumb Code     0  __rtentry2.o(.ARM.Collect$$rtentry$$00000009)
    __rt_entry_main                          0x08000219   Thumb Code     0  __rtentry2.o(.ARM.Collect$$rtentry$$0000000D)
    __rt_entry_postli_1                      0x08000219   Thumb Code     0  __rtentry2.o(.ARM.Collect$$rtentry$$0000000C)
    __rt_exit                                0x08000221   Thumb Code     0  rtexit.o(.ARM.Collect$$rtexit$$00000000)
    __rt_exit_ls                             0x08000223   Thumb Code     0  rtexit2.o(.ARM.Collect$$rtexit$$00000003)
    __rt_exit_prels_1                        0x08000223   Thumb Code     0  rtexit2.o(.ARM.Collect$$rtexit$$00000002)
    __rt_exit_exit                           0x08000227   Thumb Code     0  rtexit2.o(.ARM.Collect$$rtexit$$00000004)
    Reset_Handler                            0x0800022d   Thumb Code     8  startup_stm32f10x_hd.o(.text)
    ADC1_2_IRQHandler                        0x08000247   Thumb Code     0  startup_stm32f10x_hd.o(.text)
    ADC3_IRQHandler                          0x08000247   Thumb Code     0  startup_stm32f10x_hd.o(.text)
    CAN1_RX1_IRQHandler                      0x08000247   Thumb Code     0  startup_stm32f10x_hd.o(.text)
    CAN1_SCE_IRQHandler                      0x08000247   Thumb Code     0  startup_stm32f10x_hd.o(.text)
    DMA1_Channel1_IRQHandler                 0x08000247   Thumb Code     0  startup_stm32f10x_hd.o(.text)
    DMA1_Channel2_IRQHandler                 0x08000247   Thumb Code     0  startup_stm32f10x_hd.o(.text)
    DMA1_Channel3_IRQHandler                 0x08000247   Thumb Code     0  startup_stm32f10x_hd.o(.text)
    DMA1_Channel4_IRQHandler                 0x08000247   Thumb Code     0  startup_stm32f10x_hd.o(.text)
    DMA1_Channel5_IRQHandler                 0x08000247   Thumb Code     0  startup_stm32f10x_hd.o(.text)
    DMA1_Channel6_IRQHandler                 0x08000247   Thumb Code     0  startup_stm32f10x_hd.o(.text)
    DMA1_Channel7_IRQHandler                 0x08000247   Thumb Code     0  startup_stm32f10x_hd.o(.text)
    DMA2_Channel1_IRQHandler                 0x08000247   Thumb Code     0  startup_stm32f10x_hd.o(.text)
    DMA2_Channel2_IRQHandler                 0x08000247   Thumb Code     0  startup_stm32f10x_hd.o(.text)
    DMA2_Channel3_IRQHandler                 0x08000247   Thumb Code     0  startup_stm32f10x_hd.o(.text)
    DMA2_Channel4_5_IRQHandler               0x08000247   Thumb Code     0  startup_stm32f10x_hd.o(.text)
    EXTI0_IRQHandler                         0x08000247   Thumb Code     0  startup_stm32f10x_hd.o(.text)
    EXTI15_10_IRQHandler                     0x08000247   Thumb Code     0  startup_stm32f10x_hd.o(.text)
    EXTI1_IRQHandler                         0x08000247   Thumb Code     0  startup_stm32f10x_hd.o(.text)
    EXTI2_IRQHandler                         0x08000247   Thumb Code     0  startup_stm32f10x_hd.o(.text)
    EXTI3_IRQHandler                         0x08000247   Thumb Code     0  startup_stm32f10x_hd.o(.text)
    EXTI4_IRQHandler                         0x08000247   Thumb Code     0  startup_stm32f10x_hd.o(.text)
    EXTI9_5_IRQHandler                       0x08000247   Thumb Code     0  startup_stm32f10x_hd.o(.text)
    FLASH_IRQHandler                         0x08000247   Thumb Code     0  startup_stm32f10x_hd.o(.text)
    FSMC_IRQHandler                          0x08000247   Thumb Code     0  startup_stm32f10x_hd.o(.text)
    I2C1_ER_IRQHandler                       0x08000247   Thumb Code     0  startup_stm32f10x_hd.o(.text)
    I2C1_EV_IRQHandler                       0x08000247   Thumb Code     0  startup_stm32f10x_hd.o(.text)
    I2C2_ER_IRQHandler                       0x08000247   Thumb Code     0  startup_stm32f10x_hd.o(.text)
    I2C2_EV_IRQHandler                       0x08000247   Thumb Code     0  startup_stm32f10x_hd.o(.text)
    PVD_IRQHandler                           0x08000247   Thumb Code     0  startup_stm32f10x_hd.o(.text)
    RCC_IRQHandler                           0x08000247   Thumb Code     0  startup_stm32f10x_hd.o(.text)
    RTCAlarm_IRQHandler                      0x08000247   Thumb Code     0  startup_stm32f10x_hd.o(.text)
    RTC_IRQHandler                           0x08000247   Thumb Code     0  startup_stm32f10x_hd.o(.text)
    SDIO_IRQHandler                          0x08000247   Thumb Code     0  startup_stm32f10x_hd.o(.text)
    SPI1_IRQHandler                          0x08000247   Thumb Code     0  startup_stm32f10x_hd.o(.text)
    SPI2_IRQHandler                          0x08000247   Thumb Code     0  startup_stm32f10x_hd.o(.text)
    SPI3_IRQHandler                          0x08000247   Thumb Code     0  startup_stm32f10x_hd.o(.text)
    TAMPER_IRQHandler                        0x08000247   Thumb Code     0  startup_stm32f10x_hd.o(.text)
    TIM1_BRK_IRQHandler                      0x08000247   Thumb Code     0  startup_stm32f10x_hd.o(.text)
    TIM1_CC_IRQHandler                       0x08000247   Thumb Code     0  startup_stm32f10x_hd.o(.text)
    TIM1_TRG_COM_IRQHandler                  0x08000247   Thumb Code     0  startup_stm32f10x_hd.o(.text)
    TIM1_UP_IRQHandler                       0x08000247   Thumb Code     0  startup_stm32f10x_hd.o(.text)
    TIM4_IRQHandler                          0x08000247   Thumb Code     0  startup_stm32f10x_hd.o(.text)
    TIM5_IRQHandler                          0x08000247   Thumb Code     0  startup_stm32f10x_hd.o(.text)
    TIM6_IRQHandler                          0x08000247   Thumb Code     0  startup_stm32f10x_hd.o(.text)
    TIM7_IRQHandler                          0x08000247   Thumb Code     0  startup_stm32f10x_hd.o(.text)
    TIM8_BRK_IRQHandler                      0x08000247   Thumb Code     0  startup_stm32f10x_hd.o(.text)
    TIM8_CC_IRQHandler                       0x08000247   Thumb Code     0  startup_stm32f10x_hd.o(.text)
    TIM8_TRG_COM_IRQHandler                  0x08000247   Thumb Code     0  startup_stm32f10x_hd.o(.text)
    TIM8_UP_IRQHandler                       0x08000247   Thumb Code     0  startup_stm32f10x_hd.o(.text)
    UART4_IRQHandler                         0x08000247   Thumb Code     0  startup_stm32f10x_hd.o(.text)
    UART5_IRQHandler                         0x08000247   Thumb Code     0  startup_stm32f10x_hd.o(.text)
    USART2_IRQHandler                        0x08000247   Thumb Code     0  startup_stm32f10x_hd.o(.text)
    USART3_IRQHandler                        0x08000247   Thumb Code     0  startup_stm32f10x_hd.o(.text)
    USBWakeUp_IRQHandler                     0x08000247   Thumb Code     0  startup_stm32f10x_hd.o(.text)
    USB_HP_CAN1_TX_IRQHandler                0x08000247   Thumb Code     0  startup_stm32f10x_hd.o(.text)
    USB_LP_CAN1_RX0_IRQHandler               0x08000247   Thumb Code     0  startup_stm32f10x_hd.o(.text)
    WWDG_IRQHandler                          0x08000247   Thumb Code     0  startup_stm32f10x_hd.o(.text)
    __user_initial_stackheap                 0x08000249   Thumb Code     0  startup_stm32f10x_hd.o(.text)
    __use_no_semihosting                     0x0800026d   Thumb Code     2  use_no_semi_2.o(.text)
    __2printf                                0x08000271   Thumb Code    20  noretval__2printf.o(.text)
    _printf_pre_padding                      0x08000289   Thumb Code    44  _printf_pad.o(.text)
    _printf_post_padding                     0x080002b5   Thumb Code    34  _printf_pad.o(.text)
    _printf_str                              0x080002d7   Thumb Code    82  _printf_str.o(.text)
    _printf_int_dec                          0x08000329   Thumb Code   104  _printf_dec.o(.text)
    _printf_int_hex                          0x080003a1   Thumb Code    84  _printf_hex_int.o(.text)
    _printf_longlong_hex                     0x080003a1   Thumb Code     0  _printf_hex_int.o(.text)
    __printf                                 0x080003f9   Thumb Code   388  __printf_flags_ss_wp.o(.text)
    strlen                                   0x08000581   Thumb Code    62  strlen.o(.text)
    __use_two_region_memory                  0x080005bf   Thumb Code     2  heapauxi.o(.text)
    __rt_heap_escrow$2region                 0x080005c1   Thumb Code     2  heapauxi.o(.text)
    __rt_heap_expand$2region                 0x080005c3   Thumb Code     2  heapauxi.o(.text)
    __I$use$semihosting                      0x080005c5   Thumb Code     0  use_no_semi.o(.text)
    __use_no_semihosting_swi                 0x080005c5   Thumb Code     2  use_no_semi.o(.text)
    __read_errno                             0x080005c7   Thumb Code    10  _rserrno.o(.text)
    __set_errno                              0x080005d1   Thumb Code    12  _rserrno.o(.text)
    _printf_int_common                       0x080005dd   Thumb Code   178  _printf_intcommon.o(.text)
    _printf_cs_common                        0x0800068f   Thumb Code    20  _printf_char.o(.text)
    _printf_char                             0x080006a3   Thumb Code    16  _printf_char.o(.text)
    _printf_string                           0x080006b3   Thumb Code     8  _printf_char.o(.text)
    _printf_char_file                        0x080006bd   Thumb Code    32  _printf_char_file.o(.text)
    __aeabi_errno_addr                       0x080006e1   Thumb Code     8  rt_errno_addr_intlibspace.o(.text)
    __errno$intlibspace                      0x080006e1   Thumb Code     0  rt_errno_addr_intlibspace.o(.text)
    __rt_errno_addr$intlibspace              0x080006e1   Thumb Code     0  rt_errno_addr_intlibspace.o(.text)
    _printf_char_common                      0x080006f3   Thumb Code    32  _printf_char_common.o(.text)
    ferror                                   0x08000719   Thumb Code     8  ferror.o(.text)
    __user_libspace                          0x08000721   Thumb Code     8  libspace.o(.text)
    __user_perproc_libspace                  0x08000721   Thumb Code     0  libspace.o(.text)
    __user_perthread_libspace                0x08000721   Thumb Code     0  libspace.o(.text)
    __user_setup_stackheap                   0x08000729   Thumb Code    74  sys_stackheap_outer.o(.text)
    exit                                     0x08000773   Thumb Code    18  exit.o(.text)
    AT24CXX_ReadOneByte                      0x08000785   Thumb Code    88  24cxx.o(i.AT24CXX_ReadOneByte)
    AT24CXX_WriteOneByte                     0x080007dd   Thumb Code    80  24cxx.o(i.AT24CXX_WriteOneByte)
    BEEP_Init                                0x0800082d   Thumb Code    50  beep.o(i.BEEP_Init)
    BusFault_Handler                         0x08000865   Thumb Code     4  stm32f10x_it.o(i.BusFault_Handler)
    DAC_Cmd                                  0x08000869   Thumb Code    34  stm32f10x_dac.o(i.DAC_Cmd)
    DAC_DMACmd                               0x08000891   Thumb Code    38  stm32f10x_dac.o(i.DAC_DMACmd)
    DAC_Init                                 0x080008bd   Thumb Code    46  stm32f10x_dac.o(i.DAC_Init)
    DAC_SetChannel1Data                      0x080008f1   Thumb Code    26  stm32f10x_dac.o(i.DAC_SetChannel1Data)
    DAC_StructInit                           0x08000911   Thumb Code    12  stm32f10x_dac.o(i.DAC_StructInit)
    DMA_Cmd                                  0x0800091d   Thumb Code    24  stm32f10x_dma.o(i.DMA_Cmd)
    DMA_Init                                 0x08000935   Thumb Code    60  stm32f10x_dma.o(i.DMA_Init)
    DMA_StructInit                           0x08000971   Thumb Code    26  stm32f10x_dma.o(i.DMA_StructInit)
    Dac1_Init                                0x0800098d   Thumb Code   100  dac.o(i.Dac1_Init)
    DebugMon_Handler                         0x080009f5   Thumb Code     2  stm32f10x_it.o(i.DebugMon_Handler)
    GPIO_Init                                0x080009f7   Thumb Code   278  stm32f10x_gpio.o(i.GPIO_Init)
    GPIO_ReadInputDataBit                    0x08000b0d   Thumb Code    18  stm32f10x_gpio.o(i.GPIO_ReadInputDataBit)
    GPIO_ResetBits                           0x08000b1f   Thumb Code     4  stm32f10x_gpio.o(i.GPIO_ResetBits)
    GPIO_SetBits                             0x08000b23   Thumb Code     4  stm32f10x_gpio.o(i.GPIO_SetBits)
    HardFault_Handler                        0x08000b27   Thumb Code     4  stm32f10x_it.o(i.HardFault_Handler)
    IIC_Ack                                  0x08000b2d   Thumb Code    66  myiic.o(i.IIC_Ack)
    IIC_NAck                                 0x08000b7d   Thumb Code    66  myiic.o(i.IIC_NAck)
    IIC_Read_Byte                            0x08000bcd   Thumb Code    98  myiic.o(i.IIC_Read_Byte)
    IIC_Send_Byte                            0x08000c3d   Thumb Code   104  myiic.o(i.IIC_Send_Byte)
    IIC_Start                                0x08000cb1   Thumb Code    64  myiic.o(i.IIC_Start)
    IIC_Stop                                 0x08000cfd   Thumb Code    62  myiic.o(i.IIC_Stop)
    IIC_Wait_Ack                             0x08000d49   Thumb Code    86  myiic.o(i.IIC_Wait_Ack)
    KEY_Init                                 0x08000dad   Thumb Code    52  key.o(i.KEY_Init)
    LED_Init                                 0x08000de9   Thumb Code    68  led.o(i.LED_Init)
    MemManage_Handler                        0x08000e35   Thumb Code     4  stm32f10x_it.o(i.MemManage_Handler)
    NMI_Handler                              0x08000e39   Thumb Code     2  stm32f10x_it.o(i.NMI_Handler)
    NVIC_Configuration                       0x08000e3b   Thumb Code    12  sys.o(i.NVIC_Configuration)
    NVIC_Init                                0x08000e49   Thumb Code   100  misc.o(i.NVIC_Init)
    NVIC_PriorityGroupConfig                 0x08000eb9   Thumb Code    10  misc.o(i.NVIC_PriorityGroupConfig)
    PendSV_Handler                           0x08000ecd   Thumb Code     2  stm32f10x_it.o(i.PendSV_Handler)
    RCC_AHBPeriphClockCmd                    0x08000ed1   Thumb Code    26  stm32f10x_rcc.o(i.RCC_AHBPeriphClockCmd)
    RCC_APB1PeriphClockCmd                   0x08000ef1   Thumb Code    26  stm32f10x_rcc.o(i.RCC_APB1PeriphClockCmd)
    RCC_APB1PeriphResetCmd                   0x08000f11   Thumb Code    26  stm32f10x_rcc.o(i.RCC_APB1PeriphResetCmd)
    RCC_APB2PeriphClockCmd                   0x08000f31   Thumb Code    26  stm32f10x_rcc.o(i.RCC_APB2PeriphClockCmd)
    RCC_APB2PeriphResetCmd                   0x08000f51   Thumb Code    26  stm32f10x_rcc.o(i.RCC_APB2PeriphResetCmd)
    RCC_GetClocksFreq                        0x08000f71   Thumb Code   192  stm32f10x_rcc.o(i.RCC_GetClocksFreq)
    SVC_Handler                              0x08001045   Thumb Code     2  stm32f10x_it.o(i.SVC_Handler)
    SawTooth_Data                            0x08001049   Thumb Code    74  stm32_waveoutput.o(i.SawTooth_Data)
    SineWave_DAC_Config                      0x08001189   Thumb Code    90  stm32_waveoutput.o(i.SineWave_DAC_Config)
    SineWave_DMA_Config                      0x080011e5   Thumb Code   122  stm32_waveoutput.o(i.SineWave_DMA_Config)
    SineWave_Data                            0x08001269   Thumb Code   168  stm32_waveoutput.o(i.SineWave_Data)
    SineWave_GPIO_Config                     0x08001329   Thumb Code    68  stm32_waveoutput.o(i.SineWave_GPIO_Config)
    SineWave_Init                            0x08001371   Thumb Code   148  stm32_waveoutput.o(i.SineWave_Init)
    SineWave_TIM_Config                      0x08001415   Thumb Code   102  stm32_waveoutput.o(i.SineWave_TIM_Config)
    SysTick_CLKSourceConfig                  0x08001481   Thumb Code    40  misc.o(i.SysTick_CLKSourceConfig)
    SysTick_Handler                          0x080014a9   Thumb Code     2  stm32f10x_it.o(i.SysTick_Handler)
    SystemInit                               0x080014ad   Thumb Code    78  system_stm32f10x.o(i.SystemInit)
    TIM2_IRQHandler                          0x0800150d   Thumb Code    52  usmart.o(i.TIM2_IRQHandler)
    TIM2_Int_Init                            0x08001545   Thumb Code    64  timer.o(i.TIM2_Int_Init)
    TIM3_IRQHandler                          0x08001585   Thumb Code    38  timer.o(i.TIM3_IRQHandler)
    TIM_ClearITPendingBit                    0x080015b5   Thumb Code     6  stm32f10x_tim.o(i.TIM_ClearITPendingBit)
    TIM_Cmd                                  0x080015bb   Thumb Code    24  stm32f10x_tim.o(i.TIM_Cmd)
    TIM_GetITStatus                          0x080015d3   Thumb Code    34  stm32f10x_tim.o(i.TIM_GetITStatus)
    TIM_ITConfig                             0x080015f5   Thumb Code    18  stm32f10x_tim.o(i.TIM_ITConfig)
    TIM_SelectOutputTrigger                  0x08001607   Thumb Code    18  stm32f10x_tim.o(i.TIM_SelectOutputTrigger)
    TIM_TimeBaseInit                         0x08001619   Thumb Code   122  stm32f10x_tim.o(i.TIM_TimeBaseInit)
    TIM_TimeBaseStructInit                   0x080016bd   Thumb Code    18  stm32f10x_tim.o(i.TIM_TimeBaseStructInit)
    Timer2_Init                              0x080016cf   Thumb Code    90  usmart.o(i.Timer2_Init)
    TriangleWave_Init                        0x08001729   Thumb Code    12  main.o(i.TriangleWave_Init)
    USART1_IRQHandler                        0x08001735   Thumb Code   122  usart.o(i.USART1_IRQHandler)
    USART_Cmd                                0x080017bd   Thumb Code    24  stm32f10x_usart.o(i.USART_Cmd)
    USART_DeInit                             0x080017d5   Thumb Code   134  stm32f10x_usart.o(i.USART_DeInit)
    USART_GetFlagStatus                      0x08001871   Thumb Code    26  stm32f10x_usart.o(i.USART_GetFlagStatus)
    USART_GetITStatus                        0x0800188b   Thumb Code    84  stm32f10x_usart.o(i.USART_GetITStatus)
    USART_ITConfig                           0x080018df   Thumb Code    74  stm32f10x_usart.o(i.USART_ITConfig)
    USART_Init                               0x08001929   Thumb Code   210  stm32f10x_usart.o(i.USART_Init)
    USART_ReceiveData                        0x08001a01   Thumb Code    10  stm32f10x_usart.o(i.USART_ReceiveData)
    USART_SendData                           0x08001a0b   Thumb Code     8  stm32f10x_usart.o(i.USART_SendData)
    UsageFault_Handler                       0x08001a13   Thumb Code     4  stm32f10x_it.o(i.UsageFault_Handler)
    __ARM_fpclassify                         0x08001a17   Thumb Code    40  fpclassify.o(i.__ARM_fpclassify)
    __ieee754_rem_pio2                       0x08001a41   Thumb Code   828  rred.o(i.__ieee754_rem_pio2)
    __kernel_cos                             0x08001dc9   Thumb Code   230  cos_i.o(i.__kernel_cos)
    __kernel_poly                            0x08001ec5   Thumb Code   170  poly.o(i.__kernel_poly)
    __kernel_sin                             0x08001f71   Thumb Code   224  sin_i.o(i.__kernel_sin)
    __mathlib_dbl_infnan                     0x0800205d   Thumb Code     6  dunder.o(i.__mathlib_dbl_infnan)
    __mathlib_dbl_invalid                    0x08002063   Thumb Code    12  dunder.o(i.__mathlib_dbl_invalid)
    __mathlib_dbl_underflow                  0x08002071   Thumb Code    10  dunder.o(i.__mathlib_dbl_underflow)
    _is_digit                                0x08002081   Thumb Code    14  __printf_wp.o(i._is_digit)
    _sys_exit                                0x0800208f   Thumb Code     6  usart.o(i._sys_exit)
    delay_init                               0x08002095   Thumb Code    50  delay.o(i.delay_init)
    delay_ms                                 0x080020d9   Thumb Code    72  delay.o(i.delay_ms)
    delay_us                                 0x08002125   Thumb Code    72  delay.o(i.delay_us)
    fputc                                    0x08002171   Thumb Code    24  usart.o(i.fputc)
    initial                                  0x0800218d   Thumb Code    32  main.o(i.initial)
    main                                     0x080021ad   Thumb Code   166  main.o(i.main)
    read_addr                                0x08002265   Thumb Code     6  usmart.o(i.read_addr)
    sendSend0                                0x0800226d   Thumb Code    70  main.o(i.sendSend0)
    sin                                      0x080022bd   Thumb Code   150  sin.o(i.sin)
    uart_init                                0x0800235d   Thumb Code   158  usart.o(i.uart_init)
    usmart_cmd_rec                           0x08002405   Thumb Code   170  usmart.o(i.usmart_cmd_rec)
    usmart_exe                               0x080024b5   Thumb Code   632  usmart.o(i.usmart_exe)
    usmart_get_aparm                         0x08002789   Thumb Code   200  usmart_str.o(i.usmart_get_aparm)
    usmart_get_cmdname                       0x08002851   Thumb Code    54  usmart_str.o(i.usmart_get_cmdname)
    usmart_get_fname                         0x08002889   Thumb Code   440  usmart_str.o(i.usmart_get_fname)
    usmart_get_fparam                        0x08002a49   Thumb Code   262  usmart_str.o(i.usmart_get_fparam)
    usmart_get_parmpos                       0x08002b55   Thumb Code    26  usmart_str.o(i.usmart_get_parmpos)
    usmart_get_runtime                       0x08002b75   Thumb Code    58  usmart.o(i.usmart_get_runtime)
    usmart_init                              0x08002bb5   Thumb Code    36  usmart.o(i.usmart_init)
    usmart_pow                               0x08002bdd   Thumb Code    22  usmart_str.o(i.usmart_pow)
    usmart_reset_runtime                     0x08002bf5   Thumb Code    34  usmart.o(i.usmart_reset_runtime)
    usmart_scan                              0x08002c1d   Thumb Code   120  usmart.o(i.usmart_scan)
    usmart_search_nextc                      0x08002cd9   Thumb Code    22  usmart_str.o(i.usmart_search_nextc)
    usmart_str2num                           0x08002cef   Thumb Code   202  usmart_str.o(i.usmart_str2num)
    usmart_strcmp                            0x08002db9   Thumb Code    34  usmart_str.o(i.usmart_strcmp)
    usmart_strcopy                           0x08002ddb   Thumb Code    22  usmart_str.o(i.usmart_strcopy)
    usmart_strlen                            0x08002df1   Thumb Code    24  usmart_str.o(i.usmart_strlen)
    usmart_sys_cmd_exe                       0x08002e09   Thumb Code  1554  usmart.o(i.usmart_sys_cmd_exe)
    write_addr                               0x080034ed   Thumb Code     4  usmart.o(i.write_addr)
    __aeabi_dadd                             0x080034f1   Thumb Code     0  daddsub_clz.o(x$fpl$dadd)
    _dadd                                    0x080034f1   Thumb Code   332  daddsub_clz.o(x$fpl$dadd)
    __fpl_dcheck_NaN1                        0x08003641   Thumb Code    10  dcheck1.o(x$fpl$dcheck1)
    __aeabi_ddiv                             0x08003651   Thumb Code     0  ddiv.o(x$fpl$ddiv)
    _ddiv                                    0x08003651   Thumb Code   552  ddiv.o(x$fpl$ddiv)
    __aeabi_d2iz                             0x08003901   Thumb Code     0  dfix.o(x$fpl$dfix)
    _dfix                                    0x08003901   Thumb Code    94  dfix.o(x$fpl$dfix)
    __aeabi_d2uiz                            0x08003961   Thumb Code     0  dfixu.o(x$fpl$dfixu)
    _dfixu                                   0x08003961   Thumb Code    90  dfixu.o(x$fpl$dfixu)
    __aeabi_i2d                              0x080039bb   Thumb Code     0  dflt_clz.o(x$fpl$dflt)
    _dflt                                    0x080039bb   Thumb Code    46  dflt_clz.o(x$fpl$dflt)
    __aeabi_ui2d                             0x080039e9   Thumb Code     0  dflt_clz.o(x$fpl$dfltu)
    _dfltu                                   0x080039e9   Thumb Code    38  dflt_clz.o(x$fpl$dfltu)
    __aeabi_dmul                             0x08003a11   Thumb Code     0  dmul.o(x$fpl$dmul)
    _dmul                                    0x08003a11   Thumb Code   332  dmul.o(x$fpl$dmul)
    __fpl_dnaninf                            0x08003b65   Thumb Code   156  dnaninf.o(x$fpl$dnaninf)
    __fpl_dretinf                            0x08003c01   Thumb Code    12  dretinf.o(x$fpl$dretinf)
    __aeabi_drsub                            0x08003c0d   Thumb Code     0  daddsub_clz.o(x$fpl$drsb)
    _drsb                                    0x08003c0d   Thumb Code    22  daddsub_clz.o(x$fpl$drsb)
    __aeabi_dsub                             0x08003c25   Thumb Code     0  daddsub_clz.o(x$fpl$dsub)
    _dsub                                    0x08003c25   Thumb Code   464  daddsub_clz.o(x$fpl$dsub)
    __fpl_return_NaN                         0x08003df9   Thumb Code   100  retnan.o(x$fpl$retnan)
    __ARM_scalbn                             0x08003e5d   Thumb Code    92  scalbn.o(x$fpl$scalbn)
    __fpl_cmpreturn                          0x08003eb9   Thumb Code    48  trapv.o(x$fpl$trapveneer)
    __I$use$fp                               0x08003ee8   Number         0  usenofp.o(x$fpl$usenofp)
    Region$$Table$$Base                      0x0800413c   Number         0  anon$$obj.o(Region$$Table)
    Region$$Table$$Limit                     0x0800415c   Number         0  anon$$obj.o(Region$$Table)
    SystemCoreClock                          0x20000000   Data           4  system_stm32f10x.o(.data)
    AHBPrescTable                            0x20000004   Data          16  system_stm32f10x.o(.data)
    send0                                    0x20000014   Data         384  main.o(.data)
    send1                                    0x20000194   Data         128  main.o(.data)
    __stdout                                 0x20000218   Data           4  usart.o(.data)
    USART_RX_STA                             0x2000021c   Data           2  usart.o(.data)
    sys_cmd_tab                              0x20000220   Data          28  usmart.o(.data)
    usmart_nametab                           0x2000023c   Data          48  usmart_config.o(.data)
    usmart_dev                               0x2000026c   Data         244  usmart_config.o(.data)
    SineWave_Value                           0x20000374   Data         512  stm32_waveoutput.o(.bss)
    SawToothWave_Value                       0x20000574   Data         512  stm32_waveoutput.o(.bss)
    USART_RX_BUF                             0x20000774   Data         200  usart.o(.bss)
    __libspace_start                         0x2000083c   Data          96  libspace.o(.bss)
    __temporary_stack_top$libspace           0x2000089c   Data           0  libspace.o(.bss)



==============================================================================

Memory Map of the image

  Image Entry point : 0x0800022d

  Load Region LR_1 (Base: 0x08000000, Size: 0x000044d0, Max: 0xffffffff, ABSOLUTE, COMPRESSED[0x00004230])

    Execution Region ER_RO (Exec base: 0x08000000, Load base: 0x08000000, Size: 0x0000415c, Max: 0xffffffff, ABSOLUTE)

    Exec Addr    Load Addr    Size         Type   Attr      Idx    E Section Name        Object

    0x08000000   0x08000000   0x00000130   Data   RO          284    RESET               startup_stm32f10x_hd.o
    0x08000130   0x08000130   0x00000008   Code   RO         3920  * !!!main             c_w.l(__main.o)
    0x08000138   0x08000138   0x00000034   Code   RO         4202    !!!scatter          c_w.l(__scatter.o)
    0x0800016c   0x0800016c   0x0000005a   Code   RO         4200    !!dczerorl2         c_w.l(__dczerorl2.o)
    0x080001c6   0x080001c6   0x00000002   PAD
    0x080001c8   0x080001c8   0x0000001c   Code   RO         4204    !!handler_zi        c_w.l(__scatter_zi.o)
    0x080001e4   0x080001e4   0x00000000   Code   RO         3915    .ARM.Collect$$_printf_percent$$00000000  c_w.l(_printf_percent.o)
    0x080001e4   0x080001e4   0x00000006   Code   RO         3913    .ARM.Collect$$_printf_percent$$00000009  c_w.l(_printf_d.o)
    0x080001ea   0x080001ea   0x00000006   Code   RO         3914    .ARM.Collect$$_printf_percent$$0000000A  c_w.l(_printf_u.o)
    0x080001f0   0x080001f0   0x00000006   Code   RO         3912    .ARM.Collect$$_printf_percent$$0000000C  c_w.l(_printf_x.o)
    0x080001f6   0x080001f6   0x00000006   Code   RO         3910    .ARM.Collect$$_printf_percent$$00000013  c_w.l(_printf_c.o)
    0x080001fc   0x080001fc   0x00000006   Code   RO         3911    .ARM.Collect$$_printf_percent$$00000014  c_w.l(_printf_s.o)
    0x08000202   0x08000202   0x00000004   Code   RO         3983    .ARM.Collect$$_printf_percent$$00000017  c_w.l(_printf_percent_end.o)
    0x08000206   0x08000206   0x00000002   Code   RO         4071    .ARM.Collect$$libinit$$00000000  c_w.l(libinit.o)
    0x08000208   0x08000208   0x00000000   Code   RO         4077    .ARM.Collect$$libinit$$00000002  c_w.l(libinit2.o)
    0x08000208   0x08000208   0x00000000   Code   RO         4079    .ARM.Collect$$libinit$$00000004  c_w.l(libinit2.o)
    0x08000208   0x08000208   0x00000000   Code   RO         4082    .ARM.Collect$$libinit$$0000000A  c_w.l(libinit2.o)
    0x08000208   0x08000208   0x00000000   Code   RO         4084    .ARM.Collect$$libinit$$0000000C  c_w.l(libinit2.o)
    0x08000208   0x08000208   0x00000000   Code   RO         4086    .ARM.Collect$$libinit$$0000000E  c_w.l(libinit2.o)
    0x08000208   0x08000208   0x00000000   Code   RO         4089    .ARM.Collect$$libinit$$00000011  c_w.l(libinit2.o)
    0x08000208   0x08000208   0x00000000   Code   RO         4091    .ARM.Collect$$libinit$$00000013  c_w.l(libinit2.o)
    0x08000208   0x08000208   0x00000000   Code   RO         4093    .ARM.Collect$$libinit$$00000015  c_w.l(libinit2.o)
    0x08000208   0x08000208   0x00000000   Code   RO         4095    .ARM.Collect$$libinit$$00000017  c_w.l(libinit2.o)
    0x08000208   0x08000208   0x00000000   Code   RO         4097    .ARM.Collect$$libinit$$00000019  c_w.l(libinit2.o)
    0x08000208   0x08000208   0x00000000   Code   RO         4099    .ARM.Collect$$libinit$$0000001B  c_w.l(libinit2.o)
    0x08000208   0x08000208   0x00000000   Code   RO         4101    .ARM.Collect$$libinit$$0000001D  c_w.l(libinit2.o)
    0x08000208   0x08000208   0x00000000   Code   RO         4103    .ARM.Collect$$libinit$$0000001F  c_w.l(libinit2.o)
    0x08000208   0x08000208   0x00000000   Code   RO         4105    .ARM.Collect$$libinit$$00000021  c_w.l(libinit2.o)
    0x08000208   0x08000208   0x00000000   Code   RO         4107    .ARM.Collect$$libinit$$00000023  c_w.l(libinit2.o)
    0x08000208   0x08000208   0x00000000   Code   RO         4109    .ARM.Collect$$libinit$$00000025  c_w.l(libinit2.o)
    0x08000208   0x08000208   0x00000000   Code   RO         4113    .ARM.Collect$$libinit$$0000002C  c_w.l(libinit2.o)
    0x08000208   0x08000208   0x00000000   Code   RO         4115    .ARM.Collect$$libinit$$0000002E  c_w.l(libinit2.o)
    0x08000208   0x08000208   0x00000000   Code   RO         4117    .ARM.Collect$$libinit$$00000030  c_w.l(libinit2.o)
    0x08000208   0x08000208   0x00000000   Code   RO         4119    .ARM.Collect$$libinit$$00000032  c_w.l(libinit2.o)
    0x08000208   0x08000208   0x00000002   Code   RO         4120    .ARM.Collect$$libinit$$00000033  c_w.l(libinit2.o)
    0x0800020a   0x0800020a   0x00000002   Code   RO         4142    .ARM.Collect$$libshutdown$$00000000  c_w.l(libshutdown.o)
    0x0800020c   0x0800020c   0x00000000   Code   RO         4152    .ARM.Collect$$libshutdown$$00000002  c_w.l(libshutdown2.o)
    0x0800020c   0x0800020c   0x00000000   Code   RO         4154    .ARM.Collect$$libshutdown$$00000004  c_w.l(libshutdown2.o)
    0x0800020c   0x0800020c   0x00000000   Code   RO         4157    .ARM.Collect$$libshutdown$$00000007  c_w.l(libshutdown2.o)
    0x0800020c   0x0800020c   0x00000000   Code   RO         4160    .ARM.Collect$$libshutdown$$0000000A  c_w.l(libshutdown2.o)
    0x0800020c   0x0800020c   0x00000000   Code   RO         4162    .ARM.Collect$$libshutdown$$0000000C  c_w.l(libshutdown2.o)
    0x0800020c   0x0800020c   0x00000000   Code   RO         4165    .ARM.Collect$$libshutdown$$0000000F  c_w.l(libshutdown2.o)
    0x0800020c   0x0800020c   0x00000002   Code   RO         4166    .ARM.Collect$$libshutdown$$00000010  c_w.l(libshutdown2.o)
    0x0800020e   0x0800020e   0x00000000   Code   RO         3974    .ARM.Collect$$rtentry$$00000000  c_w.l(__rtentry.o)
    0x0800020e   0x0800020e   0x00000000   Code   RO         4022    .ARM.Collect$$rtentry$$00000002  c_w.l(__rtentry2.o)
    0x0800020e   0x0800020e   0x00000006   Code   RO         4034    .ARM.Collect$$rtentry$$00000004  c_w.l(__rtentry4.o)
    0x08000214   0x08000214   0x00000000   Code   RO         4024    .ARM.Collect$$rtentry$$00000009  c_w.l(__rtentry2.o)
    0x08000214   0x08000214   0x00000004   Code   RO         4025    .ARM.Collect$$rtentry$$0000000A  c_w.l(__rtentry2.o)
    0x08000218   0x08000218   0x00000000   Code   RO         4027    .ARM.Collect$$rtentry$$0000000C  c_w.l(__rtentry2.o)
    0x08000218   0x08000218   0x00000008   Code   RO         4028    .ARM.Collect$$rtentry$$0000000D  c_w.l(__rtentry2.o)
    0x08000220   0x08000220   0x00000002   Code   RO         4074    .ARM.Collect$$rtexit$$00000000  c_w.l(rtexit.o)
    0x08000222   0x08000222   0x00000000   Code   RO         4124    .ARM.Collect$$rtexit$$00000002  c_w.l(rtexit2.o)
    0x08000222   0x08000222   0x00000004   Code   RO         4125    .ARM.Collect$$rtexit$$00000003  c_w.l(rtexit2.o)
    0x08000226   0x08000226   0x00000006   Code   RO         4126    .ARM.Collect$$rtexit$$00000004  c_w.l(rtexit2.o)
    0x0800022c   0x0800022c   0x00000040   Code   RO          285  * .text               startup_stm32f10x_hd.o
    0x0800026c   0x0800026c   0x00000002   Code   RO         3855    .text               c_w.l(use_no_semi_2.o)
    0x0800026e   0x0800026e   0x00000002   PAD
    0x08000270   0x08000270   0x00000018   Code   RO         3859    .text               c_w.l(noretval__2printf.o)
    0x08000288   0x08000288   0x0000004e   Code   RO         3863    .text               c_w.l(_printf_pad.o)
    0x080002d6   0x080002d6   0x00000052   Code   RO         3865    .text               c_w.l(_printf_str.o)
    0x08000328   0x08000328   0x00000078   Code   RO         3867    .text               c_w.l(_printf_dec.o)
    0x080003a0   0x080003a0   0x00000058   Code   RO         3872    .text               c_w.l(_printf_hex_int.o)
    0x080003f8   0x080003f8   0x00000188   Code   RO         3907    .text               c_w.l(__printf_flags_ss_wp.o)
    0x08000580   0x08000580   0x0000003e   Code   RO         3916    .text               c_w.l(strlen.o)
    0x080005be   0x080005be   0x00000006   Code   RO         3918    .text               c_w.l(heapauxi.o)
    0x080005c4   0x080005c4   0x00000002   Code   RO         3972    .text               c_w.l(use_no_semi.o)
    0x080005c6   0x080005c6   0x00000016   Code   RO         3975    .text               c_w.l(_rserrno.o)
    0x080005dc   0x080005dc   0x000000b2   Code   RO         3977    .text               c_w.l(_printf_intcommon.o)
    0x0800068e   0x0800068e   0x0000002c   Code   RO         3979    .text               c_w.l(_printf_char.o)
    0x080006ba   0x080006ba   0x00000002   PAD
    0x080006bc   0x080006bc   0x00000024   Code   RO         3981    .text               c_w.l(_printf_char_file.o)
    0x080006e0   0x080006e0   0x00000008   Code   RO         4039    .text               c_w.l(rt_errno_addr_intlibspace.o)
    0x080006e8   0x080006e8   0x00000030   Code   RO         4041    .text               c_w.l(_printf_char_common.o)
    0x08000718   0x08000718   0x00000008   Code   RO         4043    .text               c_w.l(ferror.o)
    0x08000720   0x08000720   0x00000008   Code   RO         4057    .text               c_w.l(libspace.o)
    0x08000728   0x08000728   0x0000004a   Code   RO         4060    .text               c_w.l(sys_stackheap_outer.o)
    0x08000772   0x08000772   0x00000012   Code   RO         4064    .text               c_w.l(exit.o)
    0x08000784   0x08000784   0x00000058   Code   RO          293    i.AT24CXX_ReadOneByte  24cxx.o
    0x080007dc   0x080007dc   0x00000050   Code   RO          296    i.AT24CXX_WriteOneByte  24cxx.o
    0x0800082c   0x0800082c   0x00000038   Code   RO          460    i.BEEP_Init         beep.o
    0x08000864   0x08000864   0x00000004   Code   RO            1    i.BusFault_Handler  stm32f10x_it.o
    0x08000868   0x08000868   0x00000028   Code   RO         1509    i.DAC_Cmd           stm32f10x_dac.o
    0x08000890   0x08000890   0x0000002c   Code   RO         1510    i.DAC_DMACmd        stm32f10x_dac.o
    0x080008bc   0x080008bc   0x00000034   Code   RO         1514    i.DAC_Init          stm32f10x_dac.o
    0x080008f0   0x080008f0   0x00000020   Code   RO         1515    i.DAC_SetChannel1Data  stm32f10x_dac.o
    0x08000910   0x08000910   0x0000000c   Code   RO         1519    i.DAC_StructInit    stm32f10x_dac.o
    0x0800091c   0x0800091c   0x00000018   Code   RO         1613    i.DMA_Cmd           stm32f10x_dma.o
    0x08000934   0x08000934   0x0000003c   Code   RO         1619    i.DMA_Init          stm32f10x_dma.o
    0x08000970   0x08000970   0x0000001a   Code   RO         1621    i.DMA_StructInit    stm32f10x_dma.o
    0x0800098a   0x0800098a   0x00000002   PAD
    0x0800098c   0x0800098c   0x00000068   Code   RO          523    i.Dac1_Init         dac.o
    0x080009f4   0x080009f4   0x00000002   Code   RO            2    i.DebugMon_Handler  stm32f10x_it.o
    0x080009f6   0x080009f6   0x00000116   Code   RO         2037    i.GPIO_Init         stm32f10x_gpio.o
    0x08000b0c   0x08000b0c   0x00000012   Code   RO         2041    i.GPIO_ReadInputDataBit  stm32f10x_gpio.o
    0x08000b1e   0x08000b1e   0x00000004   Code   RO         2044    i.GPIO_ResetBits    stm32f10x_gpio.o
    0x08000b22   0x08000b22   0x00000004   Code   RO         2045    i.GPIO_SetBits      stm32f10x_gpio.o
    0x08000b26   0x08000b26   0x00000004   Code   RO            3    i.HardFault_Handler  stm32f10x_it.o
    0x08000b2a   0x08000b2a   0x00000002   PAD
    0x08000b2c   0x08000b2c   0x00000050   Code   RO          375    i.IIC_Ack           myiic.o
    0x08000b7c   0x08000b7c   0x00000050   Code   RO          377    i.IIC_NAck          myiic.o
    0x08000bcc   0x08000bcc   0x00000070   Code   RO          378    i.IIC_Read_Byte     myiic.o
    0x08000c3c   0x08000c3c   0x00000074   Code   RO          379    i.IIC_Send_Byte     myiic.o
    0x08000cb0   0x08000cb0   0x0000004c   Code   RO          380    i.IIC_Start         myiic.o
    0x08000cfc   0x08000cfc   0x0000004c   Code   RO          381    i.IIC_Stop          myiic.o
    0x08000d48   0x08000d48   0x00000064   Code   RO          382    i.IIC_Wait_Ack      myiic.o
    0x08000dac   0x08000dac   0x0000003c   Code   RO          429    i.KEY_Init          key.o
    0x08000de8   0x08000de8   0x0000004c   Code   RO          448    i.LED_Init          led.o
    0x08000e34   0x08000e34   0x00000004   Code   RO            4    i.MemManage_Handler  stm32f10x_it.o
    0x08000e38   0x08000e38   0x00000002   Code   RO            5    i.NMI_Handler       stm32f10x_it.o
    0x08000e3a   0x08000e3a   0x0000000c   Code   RO          649    i.NVIC_Configuration  sys.o
    0x08000e46   0x08000e46   0x00000002   PAD
    0x08000e48   0x08000e48   0x00000070   Code   RO          886    i.NVIC_Init         misc.o
    0x08000eb8   0x08000eb8   0x00000014   Code   RO          887    i.NVIC_PriorityGroupConfig  misc.o
    0x08000ecc   0x08000ecc   0x00000002   Code   RO            6    i.PendSV_Handler    stm32f10x_it.o
    0x08000ece   0x08000ece   0x00000002   PAD
    0x08000ed0   0x08000ed0   0x00000020   Code   RO         2452    i.RCC_AHBPeriphClockCmd  stm32f10x_rcc.o
    0x08000ef0   0x08000ef0   0x00000020   Code   RO         2453    i.RCC_APB1PeriphClockCmd  stm32f10x_rcc.o
    0x08000f10   0x08000f10   0x00000020   Code   RO         2454    i.RCC_APB1PeriphResetCmd  stm32f10x_rcc.o
    0x08000f30   0x08000f30   0x00000020   Code   RO         2455    i.RCC_APB2PeriphClockCmd  stm32f10x_rcc.o
    0x08000f50   0x08000f50   0x00000020   Code   RO         2456    i.RCC_APB2PeriphResetCmd  stm32f10x_rcc.o
    0x08000f70   0x08000f70   0x000000d4   Code   RO         2463    i.RCC_GetClocksFreq  stm32f10x_rcc.o
    0x08001044   0x08001044   0x00000002   Code   RO            7    i.SVC_Handler       stm32f10x_it.o
    0x08001046   0x08001046   0x00000002   PAD
    0x08001048   0x08001048   0x00000058   Code   RO          566    i.SawTooth_Data     stm32_waveoutput.o
    0x080010a0   0x080010a0   0x00000008   Code   RO          152    i.SetSysClock       system_stm32f10x.o
    0x080010a8   0x080010a8   0x000000e0   Code   RO          153    i.SetSysClockTo72   system_stm32f10x.o
    0x08001188   0x08001188   0x0000005a   Code   RO          568    i.SineWave_DAC_Config  stm32_waveoutput.o
    0x080011e2   0x080011e2   0x00000002   PAD
    0x080011e4   0x080011e4   0x00000084   Code   RO          569    i.SineWave_DMA_Config  stm32_waveoutput.o
    0x08001268   0x08001268   0x000000c0   Code   RO          570    i.SineWave_Data     stm32_waveoutput.o
    0x08001328   0x08001328   0x00000048   Code   RO          571    i.SineWave_GPIO_Config  stm32_waveoutput.o
    0x08001370   0x08001370   0x000000a4   Code   RO          572    i.SineWave_Init     stm32_waveoutput.o
    0x08001414   0x08001414   0x0000006c   Code   RO          573    i.SineWave_TIM_Config  stm32_waveoutput.o
    0x08001480   0x08001480   0x00000028   Code   RO          890    i.SysTick_CLKSourceConfig  misc.o
    0x080014a8   0x080014a8   0x00000002   Code   RO            8    i.SysTick_Handler   stm32f10x_it.o
    0x080014aa   0x080014aa   0x00000002   PAD
    0x080014ac   0x080014ac   0x00000060   Code   RO          155    i.SystemInit        system_stm32f10x.o
    0x0800150c   0x0800150c   0x00000038   Code   RO          702    i.TIM2_IRQHandler   usmart.o
    0x08001544   0x08001544   0x00000040   Code   RO          472    i.TIM2_Int_Init     timer.o
    0x08001584   0x08001584   0x00000030   Code   RO          473    i.TIM3_IRQHandler   timer.o
    0x080015b4   0x080015b4   0x00000006   Code   RO         3082    i.TIM_ClearITPendingBit  stm32f10x_tim.o
    0x080015ba   0x080015ba   0x00000018   Code   RO         3087    i.TIM_Cmd           stm32f10x_tim.o
    0x080015d2   0x080015d2   0x00000022   Code   RO         3108    i.TIM_GetITStatus   stm32f10x_tim.o
    0x080015f4   0x080015f4   0x00000012   Code   RO         3112    i.TIM_ITConfig      stm32f10x_tim.o
    0x08001606   0x08001606   0x00000012   Code   RO         3144    i.TIM_SelectOutputTrigger  stm32f10x_tim.o
    0x08001618   0x08001618   0x000000a4   Code   RO         3158    i.TIM_TimeBaseInit  stm32f10x_tim.o
    0x080016bc   0x080016bc   0x00000012   Code   RO         3159    i.TIM_TimeBaseStructInit  stm32f10x_tim.o
    0x080016ce   0x080016ce   0x0000005a   Code   RO          703    i.Timer2_Init       usmart.o
    0x08001728   0x08001728   0x0000000c   Code   RO          186    i.TriangleWave_Init  main.o
    0x08001734   0x08001734   0x00000088   Code   RO          661    i.USART1_IRQHandler  usart.o
    0x080017bc   0x080017bc   0x00000018   Code   RO         3623    i.USART_Cmd         stm32f10x_usart.o
    0x080017d4   0x080017d4   0x0000009c   Code   RO         3625    i.USART_DeInit      stm32f10x_usart.o
    0x08001870   0x08001870   0x0000001a   Code   RO         3626    i.USART_GetFlagStatus  stm32f10x_usart.o
    0x0800188a   0x0800188a   0x00000054   Code   RO         3627    i.USART_GetITStatus  stm32f10x_usart.o
    0x080018de   0x080018de   0x0000004a   Code   RO         3629    i.USART_ITConfig    stm32f10x_usart.o
    0x08001928   0x08001928   0x000000d8   Code   RO         3630    i.USART_Init        stm32f10x_usart.o
    0x08001a00   0x08001a00   0x0000000a   Code   RO         3637    i.USART_ReceiveData  stm32f10x_usart.o
    0x08001a0a   0x08001a0a   0x00000008   Code   RO         3640    i.USART_SendData    stm32f10x_usart.o
    0x08001a12   0x08001a12   0x00000004   Code   RO            9    i.UsageFault_Handler  stm32f10x_it.o
    0x08001a16   0x08001a16   0x00000028   Code   RO         4053    i.__ARM_fpclassify  m_ws.l(fpclassify.o)
    0x08001a3e   0x08001a3e   0x00000002   PAD
    0x08001a40   0x08001a40   0x00000388   Code   RO         4010    i.__ieee754_rem_pio2  m_ws.l(rred.o)
    0x08001dc8   0x08001dc8   0x000000fc   Code   RO         3993    i.__kernel_cos      m_ws.l(cos_i.o)
    0x08001ec4   0x08001ec4   0x000000aa   Code   RO         4055    i.__kernel_poly     m_ws.l(poly.o)
    0x08001f6e   0x08001f6e   0x00000002   PAD
    0x08001f70   0x08001f70   0x000000ec   Code   RO         4015    i.__kernel_sin      m_ws.l(sin_i.o)
    0x0800205c   0x0800205c   0x00000006   Code   RO         3997    i.__mathlib_dbl_infnan  m_ws.l(dunder.o)
    0x08002062   0x08002062   0x0000000c   Code   RO         3999    i.__mathlib_dbl_invalid  m_ws.l(dunder.o)
    0x0800206e   0x0800206e   0x00000002   PAD
    0x08002070   0x08002070   0x00000010   Code   RO         4002    i.__mathlib_dbl_underflow  m_ws.l(dunder.o)
    0x08002080   0x08002080   0x0000000e   Code   RO         3900    i._is_digit         c_w.l(__printf_wp.o)
    0x0800208e   0x0800208e   0x00000006   Code   RO          662    i._sys_exit         usart.o
    0x08002094   0x08002094   0x00000044   Code   RO          623    i.delay_init        delay.o
    0x080020d8   0x080020d8   0x0000004c   Code   RO          624    i.delay_ms          delay.o
    0x08002124   0x08002124   0x0000004c   Code   RO          625    i.delay_us          delay.o
    0x08002170   0x08002170   0x0000001c   Code   RO          663    i.fputc             usart.o
    0x0800218c   0x0800218c   0x00000020   Code   RO          187    i.initial           main.o
    0x080021ac   0x080021ac   0x000000b8   Code   RO          188    i.main              main.o
    0x08002264   0x08002264   0x00000006   Code   RO          704    i.read_addr         usmart.o
    0x0800226a   0x0800226a   0x00000002   PAD
    0x0800226c   0x0800226c   0x00000050   Code   RO          189    i.sendSend0         main.o
    0x080022bc   0x080022bc   0x000000a0   Code   RO         3965    i.sin               m_ws.l(sin.o)
    0x0800235c   0x0800235c   0x000000a8   Code   RO          664    i.uart_init         usart.o
    0x08002404   0x08002404   0x000000b0   Code   RO          705    i.usmart_cmd_rec    usmart.o
    0x080024b4   0x080024b4   0x000002d4   Code   RO          706    i.usmart_exe        usmart.o
    0x08002788   0x08002788   0x000000c8   Code   RO          814    i.usmart_get_aparm  usmart_str.o
    0x08002850   0x08002850   0x00000036   Code   RO          815    i.usmart_get_cmdname  usmart_str.o
    0x08002886   0x08002886   0x00000002   PAD
    0x08002888   0x08002888   0x000001c0   Code   RO          816    i.usmart_get_fname  usmart_str.o
    0x08002a48   0x08002a48   0x0000010c   Code   RO          817    i.usmart_get_fparam  usmart_str.o
    0x08002b54   0x08002b54   0x00000020   Code   RO          818    i.usmart_get_parmpos  usmart_str.o
    0x08002b74   0x08002b74   0x00000040   Code   RO          707    i.usmart_get_runtime  usmart.o
    0x08002bb4   0x08002bb4   0x00000028   Code   RO          708    i.usmart_init       usmart.o
    0x08002bdc   0x08002bdc   0x00000016   Code   RO          819    i.usmart_pow        usmart_str.o
    0x08002bf2   0x08002bf2   0x00000002   PAD
    0x08002bf4   0x08002bf4   0x00000028   Code   RO          709    i.usmart_reset_runtime  usmart.o
    0x08002c1c   0x08002c1c   0x000000bc   Code   RO          710    i.usmart_scan       usmart.o
    0x08002cd8   0x08002cd8   0x00000016   Code   RO          820    i.usmart_search_nextc  usmart_str.o
    0x08002cee   0x08002cee   0x000000ca   Code   RO          821    i.usmart_str2num    usmart_str.o
    0x08002db8   0x08002db8   0x00000022   Code   RO          822    i.usmart_strcmp     usmart_str.o
    0x08002dda   0x08002dda   0x00000016   Code   RO          823    i.usmart_strcopy    usmart_str.o
    0x08002df0   0x08002df0   0x00000018   Code   RO          824    i.usmart_strlen     usmart_str.o
    0x08002e08   0x08002e08   0x000006e4   Code   RO          711    i.usmart_sys_cmd_exe  usmart.o
    0x080034ec   0x080034ec   0x00000004   Code   RO          712    i.write_addr        usmart.o
    0x080034f0   0x080034f0   0x00000150   Code   RO         3924    x$fpl$dadd          fz_ws.l(daddsub_clz.o)
    0x08003640   0x08003640   0x00000010   Code   RO         4072    x$fpl$dcheck1       fz_ws.l(dcheck1.o)
    0x08003650   0x08003650   0x000002b0   Code   RO         3931    x$fpl$ddiv          fz_ws.l(ddiv.o)
    0x08003900   0x08003900   0x0000005e   Code   RO         4047    x$fpl$dfix          fz_ws.l(dfix.o)
    0x0800395e   0x0800395e   0x00000002   PAD
    0x08003960   0x08003960   0x0000005a   Code   RO         3934    x$fpl$dfixu         fz_ws.l(dfixu.o)
    0x080039ba   0x080039ba   0x0000002e   Code   RO         3939    x$fpl$dflt          fz_ws.l(dflt_clz.o)
    0x080039e8   0x080039e8   0x00000026   Code   RO         3938    x$fpl$dfltu         fz_ws.l(dflt_clz.o)
    0x08003a0e   0x08003a0e   0x00000002   PAD
    0x08003a10   0x08003a10   0x00000154   Code   RO         3944    x$fpl$dmul          fz_ws.l(dmul.o)
    0x08003b64   0x08003b64   0x0000009c   Code   RO         3984    x$fpl$dnaninf       fz_ws.l(dnaninf.o)
    0x08003c00   0x08003c00   0x0000000c   Code   RO         3986    x$fpl$dretinf       fz_ws.l(dretinf.o)
    0x08003c0c   0x08003c0c   0x00000016   Code   RO         3925    x$fpl$drsb          fz_ws.l(daddsub_clz.o)
    0x08003c22   0x08003c22   0x00000002   PAD
    0x08003c24   0x08003c24   0x000001d4   Code   RO         3926    x$fpl$dsub          fz_ws.l(daddsub_clz.o)
    0x08003df8   0x08003df8   0x00000064   Code   RO         4121    x$fpl$retnan        fz_ws.l(retnan.o)
    0x08003e5c   0x08003e5c   0x0000005c   Code   RO         4051    x$fpl$scalbn        fz_ws.l(scalbn.o)
    0x08003eb8   0x08003eb8   0x00000030   Code   RO         4134    x$fpl$trapveneer    fz_ws.l(trapv.o)
    0x08003ee8   0x08003ee8   0x00000000   Code   RO         3992    x$fpl$usenofp       fz_ws.l(usenofp.o)
    0x08003ee8   0x08003ee8   0x00000028   Data   RO         3873    .constdata          c_w.l(_printf_hex_int.o)
    0x08003f10   0x08003f10   0x00000011   Data   RO         3908    .constdata          c_w.l(__printf_flags_ss_wp.o)
    0x08003f21   0x08003f21   0x00000007   PAD
    0x08003f28   0x08003f28   0x00000030   Data   RO         3994    .constdata          m_ws.l(cos_i.o)
    0x08003f58   0x08003f58   0x000000c8   Data   RO         4012    .constdata          m_ws.l(rred.o)
    0x08004020   0x08004020   0x00000028   Data   RO         4016    .constdata          m_ws.l(sin_i.o)
    0x08004048   0x08004048   0x00000028   Data   RO          713    .conststring        usmart.o
    0x08004070   0x08004070   0x000000cb   Data   RO          790    .conststring        usmart_config.o
    0x0800413b   0x0800413b   0x00000001   PAD
    0x0800413c   0x0800413c   0x00000020   Data   RO         4198    Region$$Table       anon$$obj.o


    Execution Region ER_RW (Exec base: 0x20000000, Load base: 0x0800415c, Size: 0x00000374, Max: 0xffffffff, ABSOLUTE, COMPRESSED[0x000000d4])

    Exec Addr    Load Addr    Size         Type   Attr      Idx    E Section Name        Object

    0x20000000   COMPRESSED   0x00000014   Data   RW          156    .data               system_stm32f10x.o
    0x20000014   COMPRESSED   0x00000200   Data   RW          191    .data               main.o
    0x20000214   COMPRESSED   0x00000004   Data   RW          626    .data               delay.o
    0x20000218   COMPRESSED   0x00000006   Data   RW          666    .data               usart.o
    0x2000021e   COMPRESSED   0x00000002   PAD
    0x20000220   COMPRESSED   0x0000001c   Data   RW          714    .data               usmart.o
    0x2000023c   COMPRESSED   0x00000124   Data   RW          791    .data               usmart_config.o
    0x20000360   COMPRESSED   0x00000014   Data   RW         2483    .data               stm32f10x_rcc.o


    Execution Region ER_ZI (Exec base: 0x20000374, Load base: 0x08004230, Size: 0x00000b2c, Max: 0xffffffff, ABSOLUTE)

    Exec Addr    Load Addr    Size         Type   Attr      Idx    E Section Name        Object

    0x20000374        -       0x00000400   Zero   RW          574    .bss                stm32_waveoutput.o
    0x20000774        -       0x000000c8   Zero   RW          665    .bss                usart.o
    0x2000083c        -       0x00000060   Zero   RW         4058    .bss                c_w.l(libspace.o)
    0x2000089c   0x08004230   0x00000004   PAD
    0x200008a0        -       0x00000200   Zero   RW          283    HEAP                startup_stm32f10x_hd.o
    0x20000aa0        -       0x00000400   Zero   RW          282    STACK               startup_stm32f10x_hd.o


==============================================================================

Image component sizes


      Code (inc. data)   RO Data    RW Data    ZI Data      Debug   Object Name

       168          0          0          0          0     206089   24cxx.o
        56          6          0          0          0        476   beep.o
         0          0          0          0          0         32   core_cm3.o
       104          4          0          0          0        572   dac.o
       220         26          0          4          0       1655   delay.o
        60          8          0          0          0        479   key.o
        76          8          0          0          0        483   led.o
       308         28          0        512          0       2839   main.o
       172         22          0          0          0       2177   misc.o
       640         94          0          0          0       3635   myiic.o
        64         26        304          0       1536        784   startup_stm32f10x_hd.o
       846         74          0          0       1024       5945   stm32_waveoutput.o
       180         24          0          0          0       3557   stm32f10x_dac.o
       110          0          0          0          0       3414   stm32f10x_dma.o
       304          0          0          0          0       3764   stm32f10x_gpio.o
        26          0          0          0          0     269870   stm32f10x_it.o
       372         50          0         20          0       6196   stm32f10x_rcc.o
       282         42          0          0          0       4717   stm32f10x_tim.o
       598         28          0          0          0       6828   stm32f10x_usart.o
        12          0          0          0          0        437   sys.o
       328         28          0         20          0       2125   system_stm32f10x.o
       112         10          0          0          0        954   timer.o
       338         28          0          6        200       4172   usart.o
      3152       1314         40         28          0       7454   usmart.o
         0          0        203        292          0       1720   usmart_config.o
      1328         20          0          0          0       8405   usmart_str.o

    ----------------------------------------------------------------------
      9876       1840        580        884       2760     548779   Object Totals
         0          0         32          0          0          0   (incl. Generated)
        20          0          1          2          0          0   (incl. Padding)

    ----------------------------------------------------------------------

      Code (inc. data)   RO Data    RW Data    ZI Data      Debug   Library Member Name

        90          0          0          0          0          0   __dczerorl2.o
         8          0          0          0          0         68   __main.o
       392          4         17          0          0         92   __printf_flags_ss_wp.o
        14          0          0          0          0         68   __printf_wp.o
         0          0          0          0          0          0   __rtentry.o
        12          0          0          0          0          0   __rtentry2.o
         6          0          0          0          0          0   __rtentry4.o
        52          8          0          0          0          0   __scatter.o
        28          0          0          0          0          0   __scatter_zi.o
         6          0          0          0          0          0   _printf_c.o
        44          0          0          0          0        108   _printf_char.o
        48          6          0          0          0         96   _printf_char_common.o
        36          4          0          0          0         80   _printf_char_file.o
         6          0          0          0          0          0   _printf_d.o
       120         16          0          0          0         92   _printf_dec.o
        88          4         40          0          0         88   _printf_hex_int.o
       178          0          0          0          0         88   _printf_intcommon.o
        78          0          0          0          0        108   _printf_pad.o
         0          0          0          0          0          0   _printf_percent.o
         4          0          0          0          0          0   _printf_percent_end.o
         6          0          0          0          0          0   _printf_s.o
        82          0          0          0          0         80   _printf_str.o
         6          0          0          0          0          0   _printf_u.o
         6          0          0          0          0          0   _printf_x.o
        22          0          0          0          0        100   _rserrno.o
        18          0          0          0          0         80   exit.o
         8          0          0          0          0         68   ferror.o
         6          0          0          0          0        152   heapauxi.o
         2          0          0          0          0          0   libinit.o
         2          0          0          0          0          0   libinit2.o
         2          0          0          0          0          0   libshutdown.o
         2          0          0          0          0          0   libshutdown2.o
         8          4          0          0         96         68   libspace.o
        24          4          0          0          0         84   noretval__2printf.o
         8          4          0          0          0         68   rt_errno_addr_intlibspace.o
         2          0          0          0          0          0   rtexit.o
        10          0          0          0          0          0   rtexit2.o
        62          0          0          0          0         76   strlen.o
        74          0          0          0          0         80   sys_stackheap_outer.o
         2          0          0          0          0         68   use_no_semi.o
         2          0          0          0          0         68   use_no_semi_2.o
       826         16          0          0          0        348   daddsub_clz.o
        16          4          0          0          0         68   dcheck1.o
       688        140          0          0          0        208   ddiv.o
        94          4          0          0          0         92   dfix.o
        90          4          0          0          0         92   dfixu.o
        84          0          0          0          0        136   dflt_clz.o
       340         12          0          0          0        104   dmul.o
       156          4          0          0          0         92   dnaninf.o
        12          0          0          0          0         68   dretinf.o
       100          0          0          0          0         68   retnan.o
        92          0          0          0          0         68   scalbn.o
        48          0          0          0          0         68   trapv.o
         0          0          0          0          0          0   usenofp.o
       252         22         48          0          0        124   cos_i.o
        34          6          0          0          0        204   dunder.o
        40          0          0          0          0         68   fpclassify.o
       170          0          0          0          0         96   poly.o
       904         76        200          0          0        140   rred.o
       160         10          0          0          0        108   sin.o
       236         12         40          0          0        128   sin_i.o

    ----------------------------------------------------------------------
      5924        364        352          0        100       4160   Library Totals
        18          0          7          0          4          0   (incl. Padding)

    ----------------------------------------------------------------------

      Code (inc. data)   RO Data    RW Data    ZI Data      Debug   Library Name

      1564         54         57          0         96       1880   c_w.l
      2546        184          0          0          0       1412   fz_ws.l
      1796        126        288          0          0        868   m_ws.l

    ----------------------------------------------------------------------
      5924        364        352          0        100       4160   Library Totals

    ----------------------------------------------------------------------

==============================================================================


      Code (inc. data)   RO Data    RW Data    ZI Data      Debug   

     15800       2204        932        884       2860     545551   Grand Totals
     15800       2204        932        212       2860     545551   ELF Image Totals (compressed)
     15800       2204        932        212          0          0   ROM Totals

==============================================================================

    Total RO  Size (Code + RO Data)                16732 (  16.34kB)
    Total RW  Size (RW Data + ZI Data)              3744 (   3.66kB)
    Total ROM Size (Code + RO Data + RW Data)      16944 (  16.55kB)

==============================================================================

